Archive member included to satisfy reference by file (symbol)

c:/st/stm32cubeide_1.10.1/stm32cubeide/plugins/com.st.stm32cube.ide.mcu.externaltools.gnu-tools-for-stm32.10.3-2021.10.win32_1.0.100.202210260954/tools/bin/../lib/gcc/arm-none-eabi/10.3.1/../../../../arm-none-eabi/lib/thumb/v7e-m+fp/hard\libm.a(lib_a-s_cos.o)
                              Core\Src\main.o (cos)
c:/st/stm32cubeide_1.10.1/stm32cubeide/plugins/com.st.stm32cube.ide.mcu.externaltools.gnu-tools-for-stm32.10.3-2021.10.win32_1.0.100.202210260954/tools/bin/../lib/gcc/arm-none-eabi/10.3.1/../../../../arm-none-eabi/lib/thumb/v7e-m+fp/hard\libm.a(lib_a-s_floor.o)
                              Core\Src\main.o (floor)
c:/st/stm32cubeide_1.10.1/stm32cubeide/plugins/com.st.stm32cube.ide.mcu.externaltools.gnu-tools-for-stm32.10.3-2021.10.win32_1.0.100.202210260954/tools/bin/../lib/gcc/arm-none-eabi/10.3.1/../../../../arm-none-eabi/lib/thumb/v7e-m+fp/hard\libm.a(lib_a-s_sin.o)
                              Core\Src\main.o (sin)
c:/st/stm32cubeide_1.10.1/stm32cubeide/plugins/com.st.stm32cube.ide.mcu.externaltools.gnu-tools-for-stm32.10.3-2021.10.win32_1.0.100.202210260954/tools/bin/../lib/gcc/arm-none-eabi/10.3.1/../../../../arm-none-eabi/lib/thumb/v7e-m+fp/hard\libm.a(lib_a-w_atan2.o)
                              Core\Src\main.o (atan2)
c:/st/stm32cubeide_1.10.1/stm32cubeide/plugins/com.st.stm32cube.ide.mcu.externaltools.gnu-tools-for-stm32.10.3-2021.10.win32_1.0.100.202210260954/tools/bin/../lib/gcc/arm-none-eabi/10.3.1/../../../../arm-none-eabi/lib/thumb/v7e-m+fp/hard\libm.a(lib_a-w_sqrt.o)
                              Core\Src\main.o (sqrt)
c:/st/stm32cubeide_1.10.1/stm32cubeide/plugins/com.st.stm32cube.ide.mcu.externaltools.gnu-tools-for-stm32.10.3-2021.10.win32_1.0.100.202210260954/tools/bin/../lib/gcc/arm-none-eabi/10.3.1/../../../../arm-none-eabi/lib/thumb/v7e-m+fp/hard\libm.a(lib_a-e_atan2.o)
                              c:/st/stm32cubeide_1.10.1/stm32cubeide/plugins/com.st.stm32cube.ide.mcu.externaltools.gnu-tools-for-stm32.10.3-2021.10.win32_1.0.100.202210260954/tools/bin/../lib/gcc/arm-none-eabi/10.3.1/../../../../arm-none-eabi/lib/thumb/v7e-m+fp/hard\libm.a(lib_a-w_atan2.o) (__ieee754_atan2)
c:/st/stm32cubeide_1.10.1/stm32cubeide/plugins/com.st.stm32cube.ide.mcu.externaltools.gnu-tools-for-stm32.10.3-2021.10.win32_1.0.100.202210260954/tools/bin/../lib/gcc/arm-none-eabi/10.3.1/../../../../arm-none-eabi/lib/thumb/v7e-m+fp/hard\libm.a(lib_a-e_rem_pio2.o)
                              c:/st/stm32cubeide_1.10.1/stm32cubeide/plugins/com.st.stm32cube.ide.mcu.externaltools.gnu-tools-for-stm32.10.3-2021.10.win32_1.0.100.202210260954/tools/bin/../lib/gcc/arm-none-eabi/10.3.1/../../../../arm-none-eabi/lib/thumb/v7e-m+fp/hard\libm.a(lib_a-s_cos.o) (__ieee754_rem_pio2)
c:/st/stm32cubeide_1.10.1/stm32cubeide/plugins/com.st.stm32cube.ide.mcu.externaltools.gnu-tools-for-stm32.10.3-2021.10.win32_1.0.100.202210260954/tools/bin/../lib/gcc/arm-none-eabi/10.3.1/../../../../arm-none-eabi/lib/thumb/v7e-m+fp/hard\libm.a(lib_a-e_sqrt.o)
                              c:/st/stm32cubeide_1.10.1/stm32cubeide/plugins/com.st.stm32cube.ide.mcu.externaltools.gnu-tools-for-stm32.10.3-2021.10.win32_1.0.100.202210260954/tools/bin/../lib/gcc/arm-none-eabi/10.3.1/../../../../arm-none-eabi/lib/thumb/v7e-m+fp/hard\libm.a(lib_a-w_sqrt.o) (__ieee754_sqrt)
c:/st/stm32cubeide_1.10.1/stm32cubeide/plugins/com.st.stm32cube.ide.mcu.externaltools.gnu-tools-for-stm32.10.3-2021.10.win32_1.0.100.202210260954/tools/bin/../lib/gcc/arm-none-eabi/10.3.1/../../../../arm-none-eabi/lib/thumb/v7e-m+fp/hard\libm.a(lib_a-k_cos.o)
                              c:/st/stm32cubeide_1.10.1/stm32cubeide/plugins/com.st.stm32cube.ide.mcu.externaltools.gnu-tools-for-stm32.10.3-2021.10.win32_1.0.100.202210260954/tools/bin/../lib/gcc/arm-none-eabi/10.3.1/../../../../arm-none-eabi/lib/thumb/v7e-m+fp/hard\libm.a(lib_a-s_cos.o) (__kernel_cos)
c:/st/stm32cubeide_1.10.1/stm32cubeide/plugins/com.st.stm32cube.ide.mcu.externaltools.gnu-tools-for-stm32.10.3-2021.10.win32_1.0.100.202210260954/tools/bin/../lib/gcc/arm-none-eabi/10.3.1/../../../../arm-none-eabi/lib/thumb/v7e-m+fp/hard\libm.a(lib_a-k_rem_pio2.o)
                              c:/st/stm32cubeide_1.10.1/stm32cubeide/plugins/com.st.stm32cube.ide.mcu.externaltools.gnu-tools-for-stm32.10.3-2021.10.win32_1.0.100.202210260954/tools/bin/../lib/gcc/arm-none-eabi/10.3.1/../../../../arm-none-eabi/lib/thumb/v7e-m+fp/hard\libm.a(lib_a-e_rem_pio2.o) (__kernel_rem_pio2)
c:/st/stm32cubeide_1.10.1/stm32cubeide/plugins/com.st.stm32cube.ide.mcu.externaltools.gnu-tools-for-stm32.10.3-2021.10.win32_1.0.100.202210260954/tools/bin/../lib/gcc/arm-none-eabi/10.3.1/../../../../arm-none-eabi/lib/thumb/v7e-m+fp/hard\libm.a(lib_a-k_sin.o)
[...]
Memory Configuration

Name             Origin             Length             Attributes
CCMRAM           0x0000000010000000 0x0000000000001000 xrw
RAM              0x0000000020000000 0x0000000000003000 xrw
FLASH            0x0000000008000000 0x0000000000010000 xr
*default*        0x0000000000000000 0xffffffffffffffff

Linker script and memory map

LOAD c:/st/stm32cubeide_1.10.1/stm32cubeide/plugins/com.st.stm32cube.ide.mcu.externaltools.gnu-tools-for-stm32.10.3-2021.10.win32_1.0.100.202210260954/tools/bin/../lib/gcc/arm-none-eabi/10.3.1/thumb/v7e-m+fp/hard/crti.o
LOAD c:/st/stm32cubeide_1.10.1/stm32cubeide/plugins/com.st.stm32cube.ide.mcu.externaltools.gnu-tools-for-stm32.10.3-2021.10.win32_1.0.100.202210260954/tools/bin/../lib/gcc/arm-none-eabi/10.3.1/thumb/v7e-m+fp/hard/crtbegin.o
LOAD c:/st/stm32cubeide_1.10.1/stm32cubeide/plugins/com.st.stm32cube.ide.mcu.externaltools.gnu-tools-for-stm32.10.3-2021.10.win32_1.0.100.202210260954/tools/bin/../lib/gcc/arm-none-eabi/10.3.1/../../../../arm-none-eabi/lib/thumb/v7e-m+fp/hard/crt0.o
LOAD Core\Src\main.o
LOAD Core\Src\stm32f3xx_hal_msp.o
LOAD Core\Src\stm32f3xx_it.o
LOAD Core\Src\syscalls.o
LOAD Core\Src\sysmem.o
LOAD Core\Src\system_stm32f3xx.o
LOAD Core\Startup\startup_stm32f334r8tx.o
LOAD Drivers\STM32F3xx_HAL_Driver\Src\stm32f3xx_hal.o
LOAD Drivers\STM32F3xx_HAL_Driver\Src\stm32f3xx_hal_adc.o
LOAD Drivers\STM32F3xx_HAL_Driver\Src\stm32f3xx_hal_adc_ex.o
LOAD Drivers\STM32F3xx_HAL_Driver\Src\stm32f3xx_hal_cortex.o
LOAD Drivers\STM32F3xx_HAL_Driver\Src\stm32f3xx_hal_dma.o
LOAD Drivers\STM32F3xx_HAL_Driver\Src\stm32f3xx_hal_exti.o
LOAD Drivers\STM32F3xx_HAL_Driver\Src\stm32f3xx_hal_flash.o
LOAD Drivers\STM32F3xx_HAL_Driver\Src\stm32f3xx_hal_flash_ex.o
LOAD Drivers\STM32F3xx_HAL_Driver\Src\stm32f3xx_hal_gpio.o
LOAD Drivers\STM32F3xx_HAL_Driver\Src\stm32f3xx_hal_i2c.o
LOAD Drivers\STM32F3xx_HAL_Driver\Src\stm32f3xx_hal_i2c_ex.o
LOAD Drivers\STM32F3xx_HAL_Driver\Src\stm32f3xx_hal_pwr.o
LOAD Drivers\STM32F3xx_HAL_Driver\Src\stm32f3xx_hal_pwr_ex.o
LOAD Drivers\STM32F3xx_HAL_Driver\Src\stm32f3xx_hal_rcc.o
LOAD Drivers\STM32F3xx_HAL_Driver\Src\stm32f3xx_hal_rcc_ex.o
LOAD Drivers\STM32F3xx_HAL_Driver\Src\stm32f3xx_hal_spi.o
LOAD Drivers\STM32F3xx_HAL_Driver\Src\stm32f3xx_hal_spi_ex.o
LOAD Drivers\STM32F3xx_HAL_Driver\Src\stm32f3xx_hal_tim.o
LOAD Drivers\STM32F3xx_HAL_Driver\Src\stm32f3xx_hal_tim_ex.o
LOAD Drivers\STM32F3xx_HAL_Driver\Src\stm32f3xx_hal_uart.o
LOAD Drivers\STM32F3xx_HAL_Driver\Src\stm32f3xx_hal_uart_ex.o
START GROUP
LOAD c:/st/stm32cubeide_1.10.1/stm32cubeide/plugins/com.st.stm32cube.ide.mcu.externaltools.gnu-tools-for-stm32.10.3-2021.10.win32_1.0.100.202210260954/tools/bin/../lib/gcc/arm-none-eabi/10.3.1/../../../../arm-none-eabi/lib/thumb/v7e-m+fp/hard\libstdc++_nano.a
LOAD c:/st/stm32cubeide_1.10.1/stm32cubeide/plugins/com.st.stm32cube.ide.mcu.externaltools.gnu-tools-for-stm32.10.3-2021.10.win32_1.0.100.202210260954/tools/bin/../lib/gcc/arm-none-eabi/10.3.1/../../../../arm-none-eabi/lib/thumb/v7e-m+fp/hard\libsupc++_nano.a
END GROUP
LOAD c:/st/stm32cubeide_1.10.1/stm32cubeide/plugins/com.st.stm32cube.ide.mcu.externaltools.gnu-tools-for-stm32.10.3-2021.10.win32_1.0.100.202210260954/tools/bin/../lib/gcc/arm-none-eabi/10.3.1/../../../../arm-none-eabi/lib/thumb/v7e-m+fp/hard\libstdc++_nano.a
LOAD c:/st/stm32cubeide_1.10.1/stm32cubeide/plugins/com.st.stm32cube.ide.mcu.externaltools.gnu-tools-for-stm32.10.3-2021.10.win32_1.0.100.202210260954/tools/bin/../lib/gcc/arm-none-eabi/10.3.1/../../../../arm-none-eabi/lib/thumb/v7e-m+fp/hard\libm.a
LOAD c:/st/stm32cubeide_1.10.1/stm32cubeide/plugins/com.st.stm32cube.ide.mcu.externaltools.gnu-tools-for-stm32.10.3-2021.10.win32_1.0.100.202210260954/tools/bin/../lib/gcc/arm-none-eabi/10.3.1/../../../../arm-none-eabi/lib/thumb/v7e-m+fp/hard\libc_nano.a
START GROUP
LOAD c:/st/stm32cubeide_1.10.1/stm32cubeide/plugins/com.st.stm32cube.ide.mcu.externaltools.gnu-tools-for-stm32.10.3-2021.10.win32_1.0.100.202210260954/tools/bin/../lib/gcc/arm-none-eabi/10.3.1/thumb/v7e-m+fp/hard\libgcc.a
LOAD c:/st/stm32cubeide_1.10.1/stm32cubeide/plugins/com.st.stm32cube.ide.mcu.externaltools.gnu-tools-for-stm32.10.3-2021.10.win32_1.0.100.202210260954/tools/bin/../lib/gcc/arm-none-eabi/10.3.1/../../../../arm-none-eabi/lib/thumb/v7e-m+fp/hard\libc_nano.a
END GROUP
START GROUP
LOAD c:/st/stm32cubeide_1.10.1/stm32cubeide/plugins/com.st.stm32cube.ide.mcu.externaltools.gnu-tools-for-stm32.10.3-2021.10.win32_1.0.100.202210260954/tools/bin/../lib/gcc/arm-none-eabi/10.3.1/thumb/v7e-m+fp/hard\libgcc.a
LOAD c:/st/stm32cubeide_1.10.1/stm32cubeide/plugins/com.st.stm32cube.ide.mcu.externaltools.gnu-tools-for-stm32.10.3-2021.10.win32_1.0.100.202210260954/tools/bin/../lib/gcc/arm-none-eabi/10.3.1/../../../../arm-none-eabi/lib/thumb/v7e-m+fp/hard\libc_nano.a
LOAD c:/st/stm32cubeide_1.10.1/stm32cubeide/plugins/com.st.stm32cube.ide.mcu.externaltools.gnu-tools-for-stm32.10.3-2021.10.win32_1.0.100.202210260954/tools/bin/../lib/gcc/arm-none-eabi/10.3.1/../../../../arm-none-eabi/lib/thumb/v7e-m+fp/hard\libnosys.a
END GROUP
START GROUP
LOAD c:/st/stm32cubeide_1.10.1/stm32cubeide/plugins/com.st.stm32cube.ide.mcu.externaltools.gnu-tools-for-stm32.10.3-2021.10.win32_1.0.100.202210260954/tools/bin/../lib/gcc/arm-none-eabi/10.3.1/thumb/v7e-m+fp/hard\libgcc.a
LOAD c:/st/stm32cubeide_1.10.1/stm32cubeide/plugins/com.st.stm32cube.ide.mcu.externaltools.gnu-tools-for-stm32.10.3-2021.10.win32_1.0.100.202210260954/tools/bin/../lib/gcc/arm-none-eabi/10.3.1/../../../../arm-none-eabi/lib/thumb/v7e-m+fp/hard\libc_nano.a
LOAD c:/st/stm32cubeide_1.10.1/stm32cubeide/plugins/com.st.stm32cube.ide.mcu.externaltools.gnu-tools-for-stm32.10.3-2021.10.win32_1.0.100.202210260954/tools/bin/../lib/gcc/arm-none-eabi/10.3.1/../../../../arm-none-eabi/lib/thumb/v7e-m+fp/hard\libnosys.a
END GROUP
LOAD c:/st/stm32cubeide_1.10.1/stm32cubeide/plugins/com.st.stm32cube.ide.mcu.externaltools.gnu-tools-for-stm32.10.3-2021.10.win32_1.0.100.202210260954/tools/bin/../lib/gcc/arm-none-eabi/10.3.1/thumb/v7e-m+fp/hard/crtend.o
LOAD c:/st/stm32cubeide_1.10.1/stm32cubeide/plugins/com.st.stm32cube.ide.mcu.externaltools.gnu-tools-for-stm32.10.3-2021.10.win32_1.0.100.202210260954/tools/bin/../lib/gcc/arm-none-eabi/10.3.1/thumb/v7e-m+fp/hard/crtn.o
                0x0000000020003000                _estack = (ORIGIN (RAM) + LENGTH (RAM))
                0x0000000000000200                _Min_Heap_Size = 0x200
                0x0000000000000400                _Min_Stack_Size = 0x400

.isr_vector     0x0000000008000000      0x188
                0x0000000008000000                . = ALIGN (0x4)
 *(.isr_vector)
 .isr_vector    0x0000000008000000      0x188 Core\Startup\startup_stm32f334r8tx.o
                0x0000000008000000                g_pfnVectors
                0x0000000008000188                . = ALIGN (0x4)

.text           0x0000000008000188     0x6f64
                0x0000000008000188                . = ALIGN (0x4)
 *(.text)
 .text          0x0000000008000188       0x40 c:/st/stm32cubeide_1.10.1/stm32cubeide/plugins/com.st.stm32cube.ide.mcu.externaltools.gnu-tools-for-stm32.10.3-2021.10.win32_1.0.100.202210260954/tools/bin/../lib/gcc/arm-none-eabi/10.3.1/thumb/v7e-m+fp/hard/crtbegin.o
 .text          0x00000000080001c8      0x378 c:/st/stm32cubeide_1.10.1/stm32cubeide/plugins/com.st.stm32cube.ide.mcu.externaltools.gnu-tools-for-stm32.10.3-2021.10.win32_1.0.100.202210260954/tools/bin/../lib/gcc/arm-none-eabi/10.3.1/thumb/v7e-m+fp/hard\libgcc.a(_arm_addsubdf3.o)
                0x00000000080001c8                __aeabi_drsub
                0x00000000080001d0                __aeabi_dsub
                0x00000000080001d0                __subdf3
                0x00000000080001d4                __aeabi_dadd
                0x00000000080001d4                __adddf3
                0x000000000800044c                __floatunsidf
                0x000000000800044c                __aeabi_ui2d
                0x000000000800046c                __floatsidf
                0x000000000800046c                __aeabi_i2d
                0x0000000008000490                __aeabi_f2d
                0x0000000008000490                __extendsfdf2
                0x00000000080004d4                __floatundidf
                0x00000000080004d4                __aeabi_ul2d
                0x00000000080004e4                __floatdidf
                0x00000000080004e4                __aeabi_l2d
 .text          0x0000000008000540      0x424 c:/st/stm32cubeide_1.10.1/stm32cubeide/plugins/com.st.stm32cube.ide.mcu.externaltools.gnu-tools-for-stm32.10.3-2021.10.win32_1.0.100.202210260954/tools/bin/../lib/gcc/arm-none-eabi/10.3.1/thumb/v7e-m+fp/hard\libgcc.a(_arm_muldivdf3.o)
                0x0000000008000540                __aeabi_dmul
                0x0000000008000540                __muldf3
                0x0000000008000794                __divdf3
                0x0000000008000794                __aeabi_ddiv
 .text          0x0000000008000964       0xa0 c:/st/stm32cubeide_1.10.1/stm32cubeide/plugins/com.st.stm32cube.ide.mcu.externaltools.gnu-tools-for-stm32.10.3-2021.10.win32_1.0.100.202210260954/tools/bin/../lib/gcc/arm-none-eabi/10.3.1/thumb/v7e-m+fp/hard\libgcc.a(_arm_truncdfsf2.o)
                0x0000000008000964                __truncdfsf2
                0x0000000008000964                __aeabi_d2f
 *(.text*)
 .text.HAL_TIM_PeriodElapsedCallback
                0x0000000008000a04       0x78 Core\Src\main.o
                0x0000000008000a04                HAL_TIM_PeriodElapsedCallback
 .text.HAL_ADC_ConvCpltCallback
                0x0000000008000a7c       0x24 Core\Src\main.o
                0x0000000008000a7c                HAL_ADC_ConvCpltCallback
 .text.read_angle
                0x0000000008000aa0       0xdc Core\Src\main.o
                0x0000000008000aa0                read_angle
 .text.main     0x0000000008000b7c      0x118 Core\Src\main.o
                0x0000000008000b7c                main
 .text.SystemClock_Config
                0x0000000008000c94       0xc8 Core\Src\main.o
                0x0000000008000c94                SystemClock_Config
 .text.MX_ADC1_Init
                0x0000000008000d5c       0xe0 Core\Src\main.o
 .text.MX_ADC2_Init
                0x0000000008000e3c       0xbc Core\Src\main.o
 .text.MX_SPI1_Init
                0x0000000008000ef8       0x7c Core\Src\main.o
 .text.MX_TIM1_Init
                0x0000000008000f74      0x150 Core\Src\main.o
 .text.MX_USART1_UART_Init
                0x00000000080010c4       0x60 Core\Src\main.o
 .text.MX_USART2_UART_Init
                0x0000000008001124       0x68 Core\Src\main.o
 .text.MX_DMA_Init
                0x000000000800118c       0x6c Core\Src\main.o
 .text.MX_GPIO_Init
                0x00000000080011f8       0xac Core\Src\main.o
 .text.Error_Handler
                0x00000000080012a4        0xa Core\Src\main.o
                0x00000000080012a4                Error_Handler
 *fill*         0x00000000080012ae        0x2 
 .text.HAL_MspInit
                0x00000000080012b0       0x48 Core\Src\stm32f3xx_hal_msp.o
                0x00000000080012b0                HAL_MspInit
 .text.HAL_ADC_MspInit
                0x00000000080012f8      0x1ac Core\Src\stm32f3xx_hal_msp.o
                0x00000000080012f8                HAL_ADC_MspInit
 .text.HAL_SPI_MspInit
                0x00000000080014a4       0x84 Core\Src\stm32f3xx_hal_msp.o
                0x00000000080014a4                HAL_SPI_MspInit
 .text.HAL_TIM_PWM_MspInit
                0x0000000008001528       0x4c Core\Src\stm32f3xx_hal_msp.o
                0x0000000008001528                HAL_TIM_PWM_MspInit
 .text.HAL_TIM_MspPostInit
                0x0000000008001574       0x70 Core\Src\stm32f3xx_hal_msp.o
                0x0000000008001574                HAL_TIM_MspPostInit
 .text.HAL_UART_MspInit
                0x00000000080015e4      0x1d0 Core\Src\stm32f3xx_hal_msp.o
                0x00000000080015e4                HAL_UART_MspInit
 .text.NMI_Handler
                0x00000000080017b4        0x6 Core\Src\stm32f3xx_it.o
                0x00000000080017b4                NMI_Handler
 .text.HardFault_Handler
                0x00000000080017ba        0x6 Core\Src\stm32f3xx_it.o
                0x00000000080017ba                HardFault_Handler
 .text.MemManage_Handler
                0x00000000080017c0        0x6 Core\Src\stm32f3xx_it.o
                0x00000000080017c0                MemManage_Handler
 .text.BusFault_Handler
                0x00000000080017c6        0x6 Core\Src\stm32f3xx_it.o
                0x00000000080017c6                BusFault_Handler
 .text.UsageFault_Handler
                0x00000000080017cc        0x6 Core\Src\stm32f3xx_it.o
                0x00000000080017cc                UsageFault_Handler
 .text.SVC_Handler
                0x00000000080017d2        0xe Core\Src\stm32f3xx_it.o
                0x00000000080017d2                SVC_Handler
 .text.DebugMon_Handler
                0x00000000080017e0        0xe Core\Src\stm32f3xx_it.o
                0x00000000080017e0                DebugMon_Handler
 .text.PendSV_Handler
                0x00000000080017ee        0xe Core\Src\stm32f3xx_it.o
                0x00000000080017ee                PendSV_Handler
 .text.SysTick_Handler
                0x00000000080017fc        0xc Core\Src\stm32f3xx_it.o
                0x00000000080017fc                SysTick_Handler
 .text.DMA1_Channel1_IRQHandler
                0x0000000008001808       0x14 Core\Src\stm32f3xx_it.o
                0x0000000008001808                DMA1_Channel1_IRQHandler
 .text.DMA1_Channel2_IRQHandler
                0x000000000800181c       0x14 Core\Src\stm32f3xx_it.o
                0x000000000800181c                DMA1_Channel2_IRQHandler
 .text.DMA1_Channel6_IRQHandler
                0x0000000008001830       0x14 Core\Src\stm32f3xx_it.o
                0x0000000008001830                DMA1_Channel6_IRQHandler
 .text.DMA1_Channel7_IRQHandler
                0x0000000008001844       0x14 Core\Src\stm32f3xx_it.o
                0x0000000008001844                DMA1_Channel7_IRQHandler
 .text.TIM1_UP_TIM16_IRQHandler
                0x0000000008001858       0x14 Core\Src\stm32f3xx_it.o
                0x0000000008001858                TIM1_UP_TIM16_IRQHandler
 .text.SystemInit
                0x000000000800186c       0x24 Core\Src\system_stm32f3xx.o
                0x000000000800186c                SystemInit
 .text.Reset_Handler
                0x0000000008001890       0x50 Core\Startup\startup_stm32f334r8tx.o
                0x0000000008001890                Reset_Handler
 .text.Default_Handler
                0x00000000080018e0        0x2 Core\Startup\startup_stm32f334r8tx.o
                0x00000000080018e0                RTC_Alarm_IRQHandler
                0x00000000080018e0                HRTIM1_Master_IRQHandler
                0x00000000080018e0                TIM1_CC_IRQHandler
                0x00000000080018e0                HRTIM1_FLT_IRQHandler
                0x00000000080018e0                PVD_IRQHandler
                0x00000000080018e0                HRTIM1_TIMD_IRQHandler
                0x00000000080018e0                TAMP_STAMP_IRQHandler
                0x00000000080018e0                EXTI3_IRQHandler
                0x00000000080018e0                EXTI0_IRQHandler
                0x00000000080018e0                FPU_IRQHandler
                0x00000000080018e0                CAN_TX_IRQHandler
                0x00000000080018e0                ADC1_2_IRQHandler
                0x00000000080018e0                HRTIM1_TIME_IRQHandler
                0x00000000080018e0                SPI1_IRQHandler
                0x00000000080018e0                CAN_SCE_IRQHandler
                0x00000000080018e0                HRTIM1_TIMC_IRQHandler
                0x00000000080018e0                DMA1_Channel4_IRQHandler
                0x00000000080018e0                USART3_IRQHandler
                0x00000000080018e0                TIM7_DAC2_IRQHandler
                0x00000000080018e0                CAN_RX1_IRQHandler
                0x00000000080018e0                I2C1_EV_IRQHandler
                0x00000000080018e0                TIM3_IRQHandler
                0x00000000080018e0                RCC_IRQHandler
                0x00000000080018e0                Default_Handler
                0x00000000080018e0                EXTI15_10_IRQHandler
                0x00000000080018e0                COMP2_IRQHandler
                0x00000000080018e0                HRTIM1_TIMA_IRQHandler
                0x00000000080018e0                TIM6_DAC1_IRQHandler
                0x00000000080018e0                EXTI9_5_IRQHandler
                0x00000000080018e0                RTC_WKUP_IRQHandler
                0x00000000080018e0                DMA1_Channel5_IRQHandler
                0x00000000080018e0                EXTI4_IRQHandler
                0x00000000080018e0                HRTIM1_TIMB_IRQHandler
                0x00000000080018e0                TIM1_TRG_COM_TIM17_IRQHandler
                0x00000000080018e0                DMA1_Channel3_IRQHandler
                0x00000000080018e0                WWDG_IRQHandler
                0x00000000080018e0                TIM2_IRQHandler
                0x00000000080018e0                EXTI1_IRQHandler
                0x00000000080018e0                COMP4_6_IRQHandler
                0x00000000080018e0                USART2_IRQHandler
                0x00000000080018e0                FLASH_IRQHandler
                0x00000000080018e0                USART1_IRQHandler
                0x00000000080018e0                CAN_RX0_IRQHandler
                0x00000000080018e0                I2C1_ER_IRQHandler
                0x00000000080018e0                EXTI2_TSC_IRQHandler
                0x00000000080018e0                TIM1_BRK_TIM15_IRQHandler
 *fill*         0x00000000080018e2        0x2 
 .text.HAL_Init
                0x00000000080018e4       0x2c Drivers\STM32F3xx_HAL_Driver\Src\stm32f3xx_hal.o
                0x00000000080018e4                HAL_Init
 .text.HAL_InitTick
                0x0000000008001910       0x60 Drivers\STM32F3xx_HAL_Driver\Src\stm32f3xx_hal.o
                0x0000000008001910                HAL_InitTick
 .text.HAL_IncTick
                0x0000000008001970       0x28 Drivers\STM32F3xx_HAL_Driver\Src\stm32f3xx_hal.o
                0x0000000008001970                HAL_IncTick
 .text.HAL_GetTick
                0x0000000008001998       0x18 Drivers\STM32F3xx_HAL_Driver\Src\stm32f3xx_hal.o
                0x0000000008001998                HAL_GetTick
 .text.HAL_ADC_ConvHalfCpltCallback
                0x00000000080019b0       0x14 Drivers\STM32F3xx_HAL_Driver\Src\stm32f3xx_hal_adc.o
                0x00000000080019b0                HAL_ADC_ConvHalfCpltCallback
 .text.HAL_ADC_ErrorCallback
                0x00000000080019c4       0x14 Drivers\STM32F3xx_HAL_Driver\Src\stm32f3xx_hal_adc.o
                0x00000000080019c4                HAL_ADC_ErrorCallback
 .text.HAL_ADC_Init
                0x00000000080019d8      0x324 Drivers\STM32F3xx_HAL_Driver\Src\stm32f3xx_hal_adc_ex.o
                0x00000000080019d8                HAL_ADC_Init
 .text.HAL_ADC_Start_DMA
                0x0000000008001cfc      0x1b4 Drivers\STM32F3xx_HAL_Driver\Src\stm32f3xx_hal_adc_ex.o
                0x0000000008001cfc                HAL_ADC_Start_DMA
 .text.HAL_ADC_ConfigChannel
                0x0000000008001eb0      0x580 Drivers\STM32F3xx_HAL_Driver\Src\stm32f3xx_hal_adc_ex.o
                0x0000000008001eb0                HAL_ADC_ConfigChannel
 .text.HAL_ADCEx_MultiModeConfigChannel
                0x0000000008002430      0x18c Drivers\STM32F3xx_HAL_Driver\Src\stm32f3xx_hal_adc_ex.o
                0x0000000008002430                HAL_ADCEx_MultiModeConfigChannel
 .text.ADC_DMAConvCplt
                0x00000000080025bc       0x7a Drivers\STM32F3xx_HAL_Driver\Src\stm32f3xx_hal_adc_ex.o
 .text.ADC_DMAHalfConvCplt
                0x0000000008002636       0x1c Drivers\STM32F3xx_HAL_Driver\Src\stm32f3xx_hal_adc_ex.o
 .text.ADC_DMAError
                0x0000000008002652       0x34 Drivers\STM32F3xx_HAL_Driver\Src\stm32f3xx_hal_adc_ex.o
 *fill*         0x0000000008002686        0x2 
 .text.ADC_Enable
                0x0000000008002688       0xc8 Drivers\STM32F3xx_HAL_Driver\Src\stm32f3xx_hal_adc_ex.o
 .text.ADC_Disable
                0x0000000008002750       0xcc Drivers\STM32F3xx_HAL_Driver\Src\stm32f3xx_hal_adc_ex.o
 .text.__NVIC_SetPriorityGrouping
                0x000000000800281c       0x48 Drivers\STM32F3xx_HAL_Driver\Src\stm32f3xx_hal_cortex.o
 .text.__NVIC_GetPriorityGrouping
                0x0000000008002864       0x1c Drivers\STM32F3xx_HAL_Driver\Src\stm32f3xx_hal_cortex.o
 .text.__NVIC_EnableIRQ
                0x0000000008002880       0x3c Drivers\STM32F3xx_HAL_Driver\Src\stm32f3xx_hal_cortex.o
 .text.__NVIC_SetPriority
                0x00000000080028bc       0x54 Drivers\STM32F3xx_HAL_Driver\Src\stm32f3xx_hal_cortex.o
 .text.NVIC_EncodePriority
                0x0000000008002910       0x66 Drivers\STM32F3xx_HAL_Driver\Src\stm32f3xx_hal_cortex.o
 *fill*         0x0000000008002976        0x2 
 .text.SysTick_Config
                0x0000000008002978       0x44 Drivers\STM32F3xx_HAL_Driver\Src\stm32f3xx_hal_cortex.o
 .text.HAL_NVIC_SetPriorityGrouping
                0x00000000080029bc       0x16 Drivers\STM32F3xx_HAL_Driver\Src\stm32f3xx_hal_cortex.o
                0x00000000080029bc                HAL_NVIC_SetPriorityGrouping
 .text.HAL_NVIC_SetPriority
                0x00000000080029d2       0x38 Drivers\STM32F3xx_HAL_Driver\Src\stm32f3xx_hal_cortex.o
                0x00000000080029d2                HAL_NVIC_SetPriority
 .text.HAL_NVIC_EnableIRQ
                0x0000000008002a0a       0x1c Drivers\STM32F3xx_HAL_Driver\Src\stm32f3xx_hal_cortex.o
                0x0000000008002a0a                HAL_NVIC_EnableIRQ
 .text.HAL_SYSTICK_Config
                0x0000000008002a26       0x18 Drivers\STM32F3xx_HAL_Driver\Src\stm32f3xx_hal_cortex.o
                0x0000000008002a26                HAL_SYSTICK_Config
 .text.HAL_DMA_Init
                0x0000000008002a3e       0x8e Drivers\STM32F3xx_HAL_Driver\Src\stm32f3xx_hal_dma.o
                0x0000000008002a3e                HAL_DMA_Init
 .text.HAL_DMA_Start_IT
                0x0000000008002acc       0xbe Drivers\STM32F3xx_HAL_Driver\Src\stm32f3xx_hal_dma.o
                0x0000000008002acc                HAL_DMA_Start_IT
 .text.HAL_DMA_IRQHandler
                0x0000000008002b8a      0x146 Drivers\STM32F3xx_HAL_Driver\Src\stm32f3xx_hal_dma.o
                0x0000000008002b8a                HAL_DMA_IRQHandler
 .text.DMA_SetConfig
                0x0000000008002cd0       0x5c Drivers\STM32F3xx_HAL_Driver\Src\stm32f3xx_hal_dma.o
 .text.DMA_CalcBaseAndBitshift
                0x0000000008002d2c       0x40 Drivers\STM32F3xx_HAL_Driver\Src\stm32f3xx_hal_dma.o
 .text.HAL_GPIO_Init
                0x0000000008002d6c      0x2e4 Drivers\STM32F3xx_HAL_Driver\Src\stm32f3xx_hal_gpio.o
                0x0000000008002d6c                HAL_GPIO_Init
 .text.HAL_GPIO_WritePin
                0x0000000008003050       0x30 Drivers\STM32F3xx_HAL_Driver\Src\stm32f3xx_hal_gpio.o
                0x0000000008003050                HAL_GPIO_WritePin
 .text.HAL_RCC_OscConfig
                0x0000000008003080     0x107c Drivers\STM32F3xx_HAL_Driver\Src\stm32f3xx_hal_rcc.o
                0x0000000008003080                HAL_RCC_OscConfig
 .text.HAL_RCC_ClockConfig
                0x00000000080040fc      0x2f8 Drivers\STM32F3xx_HAL_Driver\Src\stm32f3xx_hal_rcc.o
                0x00000000080040fc                HAL_RCC_ClockConfig
 .text.HAL_RCC_GetSysClockFreq
                0x00000000080043f4       0xd4 Drivers\STM32F3xx_HAL_Driver\Src\stm32f3xx_hal_rcc.o
                0x00000000080043f4                HAL_RCC_GetSysClockFreq
 .text.HAL_RCC_GetHCLKFreq
                0x00000000080044c8       0x18 Drivers\STM32F3xx_HAL_Driver\Src\stm32f3xx_hal_rcc.o
                0x00000000080044c8                HAL_RCC_GetHCLKFreq
 .text.HAL_RCC_GetPCLK1Freq
                0x00000000080044e0       0x44 Drivers\STM32F3xx_HAL_Driver\Src\stm32f3xx_hal_rcc.o
                0x00000000080044e0                HAL_RCC_GetPCLK1Freq
 .text.HAL_RCC_GetPCLK2Freq
                0x0000000008004524       0x44 Drivers\STM32F3xx_HAL_Driver\Src\stm32f3xx_hal_rcc.o
                0x0000000008004524                HAL_RCC_GetPCLK2Freq
 .text.HAL_RCCEx_PeriphCLKConfig
                0x0000000008004568      0x26c Drivers\STM32F3xx_HAL_Driver\Src\stm32f3xx_hal_rcc_ex.o
                0x0000000008004568                HAL_RCCEx_PeriphCLKConfig
 .text.HAL_SPI_Init
                0x00000000080047d4      0x146 Drivers\STM32F3xx_HAL_Driver\Src\stm32f3xx_hal_spi.o
                0x00000000080047d4                HAL_SPI_Init
 .text.HAL_SPI_Transmit
                0x000000000800491a      0x2dc Drivers\STM32F3xx_HAL_Driver\Src\stm32f3xx_hal_spi.o
                0x000000000800491a                HAL_SPI_Transmit
 .text.HAL_SPI_Receive
                0x0000000008004bf6      0x260 Drivers\STM32F3xx_HAL_Driver\Src\stm32f3xx_hal_spi.o
                0x0000000008004bf6                HAL_SPI_Receive
 .text.HAL_SPI_TransmitReceive
                0x0000000008004e56      0x426 Drivers\STM32F3xx_HAL_Driver\Src\stm32f3xx_hal_spi.o
                0x0000000008004e56                HAL_SPI_TransmitReceive
 .text.SPI_WaitFlagStateUntilTimeout
                0x000000000800527c      0x110 Drivers\STM32F3xx_HAL_Driver\Src\stm32f3xx_hal_spi.o
 .text.SPI_WaitFifoStateUntilTimeout
                0x000000000800538c      0x12c Drivers\STM32F3xx_HAL_Driver\Src\stm32f3xx_hal_spi.o
 .text.SPI_EndRxTransaction
                0x00000000080054b8       0xb0 Drivers\STM32F3xx_HAL_Driver\Src\stm32f3xx_hal_spi.o
 .text.SPI_EndRxTxTransaction
                0x0000000008005568       0x8c Drivers\STM32F3xx_HAL_Driver\Src\stm32f3xx_hal_spi.o
 .text.HAL_TIM_Base_Start_IT
                0x00000000080055f4       0xb8 Drivers\STM32F3xx_HAL_Driver\Src\stm32f3xx_hal_tim.o
                0x00000000080055f4                HAL_TIM_Base_Start_IT
 .text.HAL_TIM_PWM_Init
                0x00000000080056ac       0xae Drivers\STM32F3xx_HAL_Driver\Src\stm32f3xx_hal_tim.o
                0x00000000080056ac                HAL_TIM_PWM_Init
 *fill*         0x000000000800575a        0x2 
 .text.HAL_TIM_PWM_Start
                0x000000000800575c      0x1d8 Drivers\STM32F3xx_HAL_Driver\Src\stm32f3xx_hal_tim.o
                0x000000000800575c                HAL_TIM_PWM_Start
 .text.HAL_TIM_IRQHandler
                0x0000000008005934      0x23e Drivers\STM32F3xx_HAL_Driver\Src\stm32f3xx_hal_tim.o
                0x0000000008005934                HAL_TIM_IRQHandler
 *fill*         0x0000000008005b72        0x2 
 .text.HAL_TIM_PWM_ConfigChannel
                0x0000000008005b74      0x228 Drivers\STM32F3xx_HAL_Driver\Src\stm32f3xx_hal_tim.o
                0x0000000008005b74                HAL_TIM_PWM_ConfigChannel
 .text.HAL_TIM_OC_DelayElapsedCallback
                0x0000000008005d9c       0x14 Drivers\STM32F3xx_HAL_Driver\Src\stm32f3xx_hal_tim.o
                0x0000000008005d9c                HAL_TIM_OC_DelayElapsedCallback
 .text.HAL_TIM_IC_CaptureCallback
                0x0000000008005db0       0x14 Drivers\STM32F3xx_HAL_Driver\Src\stm32f3xx_hal_tim.o
                0x0000000008005db0                HAL_TIM_IC_CaptureCallback
 .text.HAL_TIM_PWM_PulseFinishedCallback
                0x0000000008005dc4       0x14 Drivers\STM32F3xx_HAL_Driver\Src\stm32f3xx_hal_tim.o
                0x0000000008005dc4                HAL_TIM_PWM_PulseFinishedCallback
 .text.HAL_TIM_TriggerCallback
                0x0000000008005dd8       0x14 Drivers\STM32F3xx_HAL_Driver\Src\stm32f3xx_hal_tim.o
                0x0000000008005dd8                HAL_TIM_TriggerCallback
 .text.TIM_Base_SetConfig
                0x0000000008005dec       0xf0 Drivers\STM32F3xx_HAL_Driver\Src\stm32f3xx_hal_tim.o
                0x0000000008005dec                TIM_Base_SetConfig
 .text.TIM_OC1_SetConfig
                0x0000000008005edc      0x10c Drivers\STM32F3xx_HAL_Driver\Src\stm32f3xx_hal_tim.o
 .text.TIM_OC2_SetConfig
                0x0000000008005fe8      0x100 Drivers\STM32F3xx_HAL_Driver\Src\stm32f3xx_hal_tim.o
                0x0000000008005fe8                TIM_OC2_SetConfig
 .text.TIM_OC3_SetConfig
                0x00000000080060e8       0xfc Drivers\STM32F3xx_HAL_Driver\Src\stm32f3xx_hal_tim.o
 .text.TIM_OC4_SetConfig
                0x00000000080061e4       0xc8 Drivers\STM32F3xx_HAL_Driver\Src\stm32f3xx_hal_tim.o
 .text.TIM_OC5_SetConfig
                0x00000000080062ac       0xbc Drivers\STM32F3xx_HAL_Driver\Src\stm32f3xx_hal_tim.o
 .text.TIM_OC6_SetConfig
                0x0000000008006368       0xc0 Drivers\STM32F3xx_HAL_Driver\Src\stm32f3xx_hal_tim.o
 .text.TIM_CCxChannelCmd
                0x0000000008006428       0x4a Drivers\STM32F3xx_HAL_Driver\Src\stm32f3xx_hal_tim.o
                0x0000000008006428                TIM_CCxChannelCmd
 *fill*         0x0000000008006472        0x2 
 .text.HAL_TIMEx_MasterConfigSynchronization
                0x0000000008006474       0xdc Drivers\STM32F3xx_HAL_Driver\Src\stm32f3xx_hal_tim_ex.o
                0x0000000008006474                HAL_TIMEx_MasterConfigSynchronization
 .text.HAL_TIMEx_ConfigBreakDeadTime
                0x0000000008006550       0xf0 Drivers\STM32F3xx_HAL_Driver\Src\stm32f3xx_hal_tim_ex.o
                0x0000000008006550                HAL_TIMEx_ConfigBreakDeadTime
 .text.HAL_TIMEx_CommutCallback
                0x0000000008006640       0x14 Drivers\STM32F3xx_HAL_Driver\Src\stm32f3xx_hal_tim_ex.o
                0x0000000008006640                HAL_TIMEx_CommutCallback
 .text.HAL_TIMEx_BreakCallback
                0x0000000008006654       0x14 Drivers\STM32F3xx_HAL_Driver\Src\stm32f3xx_hal_tim_ex.o
                0x0000000008006654                HAL_TIMEx_BreakCallback
 .text.HAL_TIMEx_Break2Callback
                0x0000000008006668       0x14 Drivers\STM32F3xx_HAL_Driver\Src\stm32f3xx_hal_tim_ex.o
                0x0000000008006668                HAL_TIMEx_Break2Callback
 .text.HAL_UART_Init
                0x000000000800667c       0x9c Drivers\STM32F3xx_HAL_Driver\Src\stm32f3xx_hal_uart.o
                0x000000000800667c                HAL_UART_Init
 .text.HAL_UART_Transmit_DMA
                0x0000000008006718      0x120 Drivers\STM32F3xx_HAL_Driver\Src\stm32f3xx_hal_uart.o
                0x0000000008006718                HAL_UART_Transmit_DMA
 .text.HAL_UART_TxCpltCallback
                0x0000000008006838       0x14 Drivers\STM32F3xx_HAL_Driver\Src\stm32f3xx_hal_uart.o
                0x0000000008006838                HAL_UART_TxCpltCallback
 .text.HAL_UART_TxHalfCpltCallback
                0x000000000800684c       0x14 Drivers\STM32F3xx_HAL_Driver\Src\stm32f3xx_hal_uart.o
                0x000000000800684c                HAL_UART_TxHalfCpltCallback
 .text.HAL_UART_ErrorCallback
                0x0000000008006860       0x14 Drivers\STM32F3xx_HAL_Driver\Src\stm32f3xx_hal_uart.o
                0x0000000008006860                HAL_UART_ErrorCallback
 .text.UART_SetConfig
                0x0000000008006874      0x26c Drivers\STM32F3xx_HAL_Driver\Src\stm32f3xx_hal_uart.o
                0x0000000008006874                UART_SetConfig
 .text.UART_AdvFeatureConfig
                0x0000000008006ae0      0x144 Drivers\STM32F3xx_HAL_Driver\Src\stm32f3xx_hal_uart.o
                0x0000000008006ae0                UART_AdvFeatureConfig
 .text.UART_CheckIdleState
                0x0000000008006c24       0x92 Drivers\STM32F3xx_HAL_Driver\Src\stm32f3xx_hal_uart.o
                0x0000000008006c24                UART_CheckIdleState
 .text.UART_WaitOnFlagUntilTimeout
                0x0000000008006cb6      0x188 Drivers\STM32F3xx_HAL_Driver\Src\stm32f3xx_hal_uart.o
                0x0000000008006cb6                UART_WaitOnFlagUntilTimeout
 .text.UART_EndTxTransfer
                0x0000000008006e3e       0x4c Drivers\STM32F3xx_HAL_Driver\Src\stm32f3xx_hal_uart.o
 .text.UART_EndRxTransfer
                0x0000000008006e8a       0xc6 Drivers\STM32F3xx_HAL_Driver\Src\stm32f3xx_hal_uart.o
 .text.UART_DMATransmitCplt
                0x0000000008006f50       0x94 Drivers\STM32F3xx_HAL_Driver\Src\stm32f3xx_hal_uart.o
 .text.UART_DMATxHalfCplt
                0x0000000008006fe4       0x1c Drivers\STM32F3xx_HAL_Driver\Src\stm32f3xx_hal_uart.o
 .text.UART_DMAError
                0x0000000008007000       0x7c Drivers\STM32F3xx_HAL_Driver\Src\stm32f3xx_hal_uart.o
 .text.__libc_init_array
                0x000000000800707c       0x48 c:/st/stm32cubeide_1.10.1/stm32cubeide/plugins/com.st.stm32cube.ide.mcu.externaltools.gnu-tools-for-stm32.10.3-2021.10.win32_1.0.100.202210260954/tools/bin/../lib/gcc/arm-none-eabi/10.3.1/../../../../arm-none-eabi/lib/thumb/v7e-m+fp/hard\libc_nano.a(lib_a-init.o)
                0x000000000800707c                __libc_init_array
 .text.memset   0x00000000080070c4       0x10 c:/st/stm32cubeide_1.10.1/stm32cubeide/plugins/com.st.stm32cube.ide.mcu.externaltools.gnu-tools-for-stm32.10.3-2021.10.win32_1.0.100.202210260954/tools/bin/../lib/gcc/arm-none-eabi/10.3.1/../../../../arm-none-eabi/lib/thumb/v7e-m+fp/hard\libc_nano.a(lib_a-memset.o)
                0x00000000080070c4                memset
 *(.glue_7)
 .glue_7        0x00000000080070d4        0x0 linker stubs
 *(.glue_7t)
 .glue_7t       0x00000000080070d4        0x0 linker stubs
 *(.eh_frame)
 .eh_frame      0x00000000080070d4        0x0 c:/st/stm32cubeide_1.10.1/stm32cubeide/plugins/com.st.stm32cube.ide.mcu.externaltools.gnu-tools-for-stm32.10.3-2021.10.win32_1.0.100.202210260954/tools/bin/../lib/gcc/arm-none-eabi/10.3.1/thumb/v7e-m+fp/hard/crtbegin.o
 *(.init)
 .init          0x00000000080070d4        0x4 c:/st/stm32cubeide_1.10.1/stm32cubeide/plugins/com.st.stm32cube.ide.mcu.externaltools.gnu-tools-for-stm32.10.3-2021.10.win32_1.0.100.202210260954/tools/bin/../lib/gcc/arm-none-eabi/10.3.1/thumb/v7e-m+fp/hard/crti.o
                0x00000000080070d4                _init
 .init          0x00000000080070d8        0x8 c:/st/stm32cubeide_1.10.1/stm32cubeide/plugins/com.st.stm32cube.ide.mcu.externaltools.gnu-tools-for-stm32.10.3-2021.10.win32_1.0.100.202210260954/tools/bin/../lib/gcc/arm-none-eabi/10.3.1/thumb/v7e-m+fp/hard/crtn.o
 *(.fini)
 .fini          0x00000000080070e0        0x4 c:/st/stm32cubeide_1.10.1/stm32cubeide/plugins/com.st.stm32cube.ide.mcu.externaltools.gnu-tools-for-stm32.10.3-2021.10.win32_1.0.100.202210260954/tools/bin/../lib/gcc/arm-none-eabi/10.3.1/thumb/v7e-m+fp/hard/crti.o
                0x00000000080070e0                _fini
 .fini          0x00000000080070e4        0x8 c:/st/stm32cubeide_1.10.1/stm32cubeide/plugins/com.st.stm32cube.ide.mcu.externaltools.gnu-tools-for-stm32.10.3-2021.10.win32_1.0.100.202210260954/tools/bin/../lib/gcc/arm-none-eabi/10.3.1/thumb/v7e-m+fp/hard/crtn.o
                0x00000000080070ec                . = ALIGN (0x4)
                0x00000000080070ec                _etext = .

.vfp11_veneer   0x00000000080070ec        0x0
 .vfp11_veneer  0x00000000080070ec        0x0 linker stubs

.v4_bx          0x00000000080070ec        0x0
 .v4_bx         0x00000000080070ec        0x0 linker stubs

.iplt           0x00000000080070ec        0x0
 .iplt          0x00000000080070ec        0x0 c:/st/stm32cubeide_1.10.1/stm32cubeide/plugins/com.st.stm32cube.ide.mcu.externaltools.gnu-tools-for-stm32.10.3-2021.10.win32_1.0.100.202210260954/tools/bin/../lib/gcc/arm-none-eabi/10.3.1/thumb/v7e-m+fp/hard/crtbegin.o

.rodata         0x00000000080070ec       0x38
                0x00000000080070ec                . = ALIGN (0x4)
 *(.rodata)
 *(.rodata*)
 .rodata.AHBPrescTable
                0x00000000080070ec       0x10 Core\Src\system_stm32f3xx.o
                0x00000000080070ec                AHBPrescTable
 .rodata.APBPrescTable
                0x00000000080070fc        0x8 Core\Src\system_stm32f3xx.o
                0x00000000080070fc                APBPrescTable
 .rodata.aPLLMULFactorTable
                0x0000000008007104       0x10 Drivers\STM32F3xx_HAL_Driver\Src\stm32f3xx_hal_rcc.o
                0x0000000008007104                aPLLMULFactorTable
 .rodata.aPredivFactorTable
                0x0000000008007114       0x10 Drivers\STM32F3xx_HAL_Driver\Src\stm32f3xx_hal_rcc.o
                0x0000000008007114                aPredivFactorTable
                0x0000000008007124                . = ALIGN (0x4)

.rel.dyn        0x0000000008007124        0x0
 .rel.iplt      0x0000000008007124        0x0 c:/st/stm32cubeide_1.10.1/stm32cubeide/plugins/com.st.stm32cube.ide.mcu.externaltools.gnu-tools-for-stm32.10.3-2021.10.win32_1.0.100.202210260954/tools/bin/../lib/gcc/arm-none-eabi/10.3.1/thumb/v7e-m+fp/hard/crtbegin.o

.ARM.extab      0x0000000008007124        0x0
                0x0000000008007124                . = ALIGN (0x4)
 *(.ARM.extab* .gnu.linkonce.armextab.*)
                0x0000000008007124                . = ALIGN (0x4)

.ARM            0x0000000008007124        0x0
                0x0000000008007124                . = ALIGN (0x4)
                0x0000000008007124                __exidx_start = .
 *(.ARM.exidx*)
                0x0000000008007124                __exidx_end = .
                0x0000000008007124                . = ALIGN (0x4)

.preinit_array  0x0000000008007124        0x0
                0x0000000008007124                . = ALIGN (0x4)
                0x0000000008007124                PROVIDE (__preinit_array_start = .)
 *(.preinit_array*)
                0x0000000008007124                PROVIDE (__preinit_array_end = .)
                0x0000000008007124                . = ALIGN (0x4)

.init_array     0x0000000008007124        0x4
                0x0000000008007124                . = ALIGN (0x4)
                0x0000000008007124                PROVIDE (__init_array_start = .)
 *(SORT_BY_NAME(.init_array.*))
 *(.init_array*)
 .init_array    0x0000000008007124        0x4 c:/st/stm32cubeide_1.10.1/stm32cubeide/plugins/com.st.stm32cube.ide.mcu.externaltools.gnu-tools-for-stm32.10.3-2021.10.win32_1.0.100.202210260954/tools/bin/../lib/gcc/arm-none-eabi/10.3.1/thumb/v7e-m+fp/hard/crtbegin.o
                0x0000000008007128                PROVIDE (__init_array_end = .)
                0x0000000008007128                . = ALIGN (0x4)

.fini_array     0x0000000008007128        0x4
                0x0000000008007128                . = ALIGN (0x4)
                [!provide]                        PROVIDE (__fini_array_start = .)
 *(SORT_BY_NAME(.fini_array.*))
 *(.fini_array*)
 .fini_array    0x0000000008007128        0x4 c:/st/stm32cubeide_1.10.1/stm32cubeide/plugins/com.st.stm32cube.ide.mcu.externaltools.gnu-tools-for-stm32.10.3-2021.10.win32_1.0.100.202210260954/tools/bin/../lib/gcc/arm-none-eabi/10.3.1/thumb/v7e-m+fp/hard/crtbegin.o
                [!provide]                        PROVIDE (__fini_array_end = .)
                0x000000000800712c                . = ALIGN (0x4)
                0x000000000800712c                _sidata = LOADADDR (.data)

.data           0x0000000020000000       0x10 load address 0x000000000800712c
                0x0000000020000000                . = ALIGN (0x4)
                0x0000000020000000                _sdata = .
 *(.data)
 *(.data*)
 .data.ANGLEUNC
                0x0000000020000000        0x2 Core\Src\main.o
                0x0000000020000000                ANGLEUNC
 *fill*         0x0000000020000002        0x2 
 .data.SystemCoreClock
                0x0000000020000004        0x4 Core\Src\system_stm32f3xx.o
                0x0000000020000004                SystemCoreClock
 .data.uwTickPrio
                0x0000000020000008        0x4 Drivers\STM32F3xx_HAL_Driver\Src\stm32f3xx_hal.o
                0x0000000020000008                uwTickPrio
 .data.uwTickFreq
                0x000000002000000c        0x1 Drivers\STM32F3xx_HAL_Driver\Src\stm32f3xx_hal.o
                0x000000002000000c                uwTickFreq
 *(.RamFunc)
 *(.RamFunc*)
                0x0000000020000010                . = ALIGN (0x4)
 *fill*         0x000000002000000d        0x3 
                0x0000000020000010                _edata = .
                0x000000000800713c                _siccmram = LOADADDR (.ccmram)

.igot.plt       0x0000000020000010        0x0 load address 0x000000000800713c
 .igot.plt      0x0000000020000010        0x0 c:/st/stm32cubeide_1.10.1/stm32cubeide/plugins/com.st.stm32cube.ide.mcu.externaltools.gnu-tools-for-stm32.10.3-2021.10.win32_1.0.100.202210260954/tools/bin/../lib/gcc/arm-none-eabi/10.3.1/thumb/v7e-m+fp/hard/crtbegin.o

.ccmram         0x0000000010000000        0x0 load address 0x000000000800713c
                0x0000000010000000                . = ALIGN (0x4)
                0x0000000010000000                _sccmram = .
 *(.ccmram)
 *(.ccmram*)
                0x0000000010000000                . = ALIGN (0x4)
                0x0000000010000000                _eccmram = .
                0x0000000010000000                . = ALIGN (0x4)

.bss            0x0000000020000010      0x3a0
                0x0000000020000010                _sbss = .
                0x0000000020000010                __bss_start__ = _sbss
 *(.bss)
 .bss           0x0000000020000010       0x1c c:/st/stm32cubeide_1.10.1/stm32cubeide/plugins/com.st.stm32cube.ide.mcu.externaltools.gnu-tools-for-stm32.10.3-2021.10.win32_1.0.100.202210260954/tools/bin/../lib/gcc/arm-none-eabi/10.3.1/thumb/v7e-m+fp/hard/crtbegin.o
 *(.bss*)
 .bss.hadc1     0x000000002000002c       0x50 Core\Src\main.o
                0x000000002000002c                hadc1
 .bss.hadc2     0x000000002000007c       0x50 Core\Src\main.o
                0x000000002000007c                hadc2
 .bss.hdma_adc1
                0x00000000200000cc       0x44 Core\Src\main.o
                0x00000000200000cc                hdma_adc1
 .bss.hdma_adc2
                0x0000000020000110       0x44 Core\Src\main.o
                0x0000000020000110                hdma_adc2
 .bss.hspi1     0x0000000020000154       0x64 Core\Src\main.o
                0x0000000020000154                hspi1
 .bss.htim1     0x00000000200001b8       0x4c Core\Src\main.o
                0x00000000200001b8                htim1
 .bss.huart1    0x0000000020000204       0x84 Core\Src\main.o
                0x0000000020000204                huart1
 .bss.huart2    0x0000000020000288       0x84 Core\Src\main.o
                0x0000000020000288                huart2
 .bss.hdma_usart2_tx
                0x000000002000030c       0x44 Core\Src\main.o
                0x000000002000030c                hdma_usart2_tx
 .bss.hdma_usart2_rx
                0x0000000020000350       0x44 Core\Src\main.o
                0x0000000020000350                hdma_usart2_rx
 .bss.Va        0x0000000020000394        0x4 Core\Src\main.o
                0x0000000020000394                Va
 .bss.Vb        0x0000000020000398        0x4 Core\Src\main.o
                0x0000000020000398                Vb
 .bss.Vc        0x000000002000039c        0x4 Core\Src\main.o
                0x000000002000039c                Vc
 .bss.i_ph1     0x00000000200003a0        0x2 Core\Src\main.o
                0x00000000200003a0                i_ph1
 .bss.i_ph2     0x00000000200003a2        0x2 Core\Src\main.o
                0x00000000200003a2                i_ph2
 .bss.m_angle   0x00000000200003a4        0x4 Core\Src\main.o
                0x00000000200003a4                m_angle
 .bss.HAL_RCC_ADC12_CLK_ENABLED
                0x00000000200003a8        0x4 Core\Src\stm32f3xx_hal_msp.o
 .bss.uwTick    0x00000000200003ac        0x4 Drivers\STM32F3xx_HAL_Driver\Src\stm32f3xx_hal.o
                0x00000000200003ac                uwTick
 *(COMMON)
                0x00000000200003b0                . = ALIGN (0x4)
                0x00000000200003b0                _ebss = .
                0x00000000200003b0                __bss_end__ = _ebss

._user_heap_stack
                0x00000000200003b0      0x600
                0x00000000200003b0                . = ALIGN (0x8)
                [!provide]                        PROVIDE (end = .)
                0x00000000200003b0                PROVIDE (_end = .)
                0x00000000200005b0                . = (. + _Min_Heap_Size)
 *fill*         0x00000000200003b0      0x200 
                0x00000000200009b0                . = (. + _Min_Stack_Size)
 *fill*         0x00000000200005b0      0x400 
                0x00000000200009b0                . = ALIGN (0x8)

/DISCARD/
 libc.a(*)
 libm.a(*)
 libgcc.a(*)

.ARM.attributes
                0x0000000000000000       0x30
 *(.ARM.attributes)
 .ARM.attributes
                0x0000000000000000       0x1e c:/st/stm32cubeide_1.10.1/stm32cubeide/plugins/com.st.stm32cube.ide.mcu.externaltools.gnu-tools-for-stm32.10.3-2021.10.win32_1.0.100.202210260954/tools/bin/../lib/gcc/arm-none-eabi/10.3.1/thumb/v7e-m+fp/hard/crti.o
 .ARM.attributes
                0x000000000000001e       0x34 c:/st/stm32cubeide_1.10.1/stm32cubeide/plugins/com.st.stm32cube.ide.mcu.externaltools.gnu-tools-for-stm32.10.3-2021.10.win32_1.0.100.202210260954/tools/bin/../lib/gcc/arm-none-eabi/10.3.1/thumb/v7e-m+fp/hard/crtbegin.o
 .ARM.attributes
                0x0000000000000052       0x34 Core\Src\main.o
 .ARM.attributes
                0x0000000000000086       0x34 Core\Src\stm32f3xx_hal_msp.o
 .ARM.attributes
                0x00000000000000ba       0x34 Core\Src\stm32f3xx_it.o
 .ARM.attributes
                0x00000000000000ee       0x34 Core\Src\system_stm32f3xx.o
 .ARM.attributes
                0x0000000000000122       0x21 Core\Startup\startup_stm32f334r8tx.o
 .ARM.attributes
                0x0000000000000143       0x34 Drivers\STM32F3xx_HAL_Driver\Src\stm32f3xx_hal.o
 .ARM.attributes
                0x0000000000000177       0x34 Drivers\STM32F3xx_HAL_Driver\Src\stm32f3xx_hal_adc.o
 .ARM.attributes
                0x00000000000001ab       0x34 Drivers\STM32F3xx_HAL_Driver\Src\stm32f3xx_hal_adc_ex.o
 .ARM.attributes
                0x00000000000001df       0x34 Drivers\STM32F3xx_HAL_Driver\Src\stm32f3xx_hal_cortex.o
 .ARM.attributes
                0x0000000000000213       0x34 Drivers\STM32F3xx_HAL_Driver\Src\stm32f3xx_hal_dma.o
 .ARM.attributes
                0x0000000000000247       0x34 Drivers\STM32F3xx_HAL_Driver\Src\stm32f3xx_hal_gpio.o
 .ARM.attributes
                0x000000000000027b       0x34 Drivers\STM32F3xx_HAL_Driver\Src\stm32f3xx_hal_rcc.o
 .ARM.attributes
                0x00000000000002af       0x34 Drivers\STM32F3xx_HAL_Driver\Src\stm32f3xx_hal_rcc_ex.o
 .ARM.attributes
                0x00000000000002e3       0x34 Drivers\STM32F3xx_HAL_Driver\Src\stm32f3xx_hal_spi.o
 .ARM.attributes
                0x0000000000000317       0x34 Drivers\STM32F3xx_HAL_Driver\Src\stm32f3xx_hal_tim.o
 .ARM.attributes
                0x000000000000034b       0x34 Drivers\STM32F3xx_HAL_Driver\Src\stm32f3xx_hal_tim_ex.o
 .ARM.attributes
                0x000000000000037f       0x34 Drivers\STM32F3xx_HAL_Driver\Src\stm32f3xx_hal_uart.o
 .ARM.attributes
                0x00000000000003b3       0x34 c:/st/stm32cubeide_1.10.1/stm32cubeide/plugins/com.st.stm32cube.ide.mcu.externaltools.gnu-tools-for-stm32.10.3-2021.10.win32_1.0.100.202210260954/tools/bin/../lib/gcc/arm-none-eabi/10.3.1/../../../../arm-none-eabi/lib/thumb/v7e-m+fp/hard\libc_nano.a(lib_a-init.o)
 .ARM.attributes
                0x00000000000003e7       0x34 c:/st/stm32cubeide_1.10.1/stm32cubeide/plugins/com.st.stm32cube.ide.mcu.externaltools.gnu-tools-for-stm32.10.3-2021.10.win32_1.0.100.202210260954/tools/bin/../lib/gcc/arm-none-eabi/10.3.1/../../../../arm-none-eabi/lib/thumb/v7e-m+fp/hard\libc_nano.a(lib_a-memset.o)
 .ARM.attributes
                0x000000000000041b       0x1e c:/st/stm32cubeide_1.10.1/stm32cubeide/plugins/com.st.stm32cube.ide.mcu.externaltools.gnu-tools-for-stm32.10.3-2021.10.win32_1.0.100.202210260954/tools/bin/../lib/gcc/arm-none-eabi/10.3.1/thumb/v7e-m+fp/hard\libgcc.a(_arm_addsubdf3.o)
 .ARM.attributes
                0x0000000000000439       0x1e c:/st/stm32cubeide_1.10.1/stm32cubeide/plugins/com.st.stm32cube.ide.mcu.externaltools.gnu-tools-for-stm32.10.3-2021.10.win32_1.0.100.202210260954/tools/bin/../lib/gcc/arm-none-eabi/10.3.1/thumb/v7e-m+fp/hard\libgcc.a(_arm_muldivdf3.o)
 .ARM.attributes
                0x0000000000000457       0x1e c:/st/stm32cubeide_1.10.1/stm32cubeide/plugins/com.st.stm32cube.ide.mcu.externaltools.gnu-tools-for-stm32.10.3-2021.10.win32_1.0.100.202210260954/tools/bin/../lib/gcc/arm-none-eabi/10.3.1/thumb/v7e-m+fp/hard\libgcc.a(_arm_truncdfsf2.o)
 .ARM.attributes
                0x0000000000000475       0x1e c:/st/stm32cubeide_1.10.1/stm32cubeide/plugins/com.st.stm32cube.ide.mcu.externaltools.gnu-tools-for-stm32.10.3-2021.10.win32_1.0.100.202210260954/tools/bin/../lib/gcc/arm-none-eabi/10.3.1/thumb/v7e-m+fp/hard/crtn.o
OUTPUT(proj1.elf elf32-littlearm)
LOAD linker stubs
LOAD c:/st/stm32cubeide_1.10.1/stm32cubeide/plugins/com.st.stm32cube.ide.mcu.externaltools.gnu-tools-for-stm32.10.3-2021.10.win32_1.0.100.202210260954/tools/bin/../lib/gcc/arm-none-eabi/10.3.1/../../../../arm-none-eabi/lib/thumb/v7e-m+fp/hard\libc.a
LOAD c:/st/stm32cubeide_1.10.1/stm32cubeide/plugins/com.st.stm32cube.ide.mcu.externaltools.gnu-tools-for-stm32.10.3-2021.10.win32_1.0.100.202210260954/tools/bin/../lib/gcc/arm-none-eabi/10.3.1/../../../../arm-none-eabi/lib/thumb/v7e-m+fp/hard\libm.a
LOAD c:/st/stm32cubeide_1.10.1/stm32cubeide/plugins/com.st.stm32cube.ide.mcu.externaltools.gnu-tools-for-stm32.10.3-2021.10.win32_1.0.100.202210260954/tools/bin/../lib/gcc/arm-none-eabi/10.3.1/thumb/v7e-m+fp/hard\libgcc.a

.debug_info     0x0000000000000000    0x13bac
 .debug_info    0x0000000000000000     0x2385 Core\Src\main.o
 .debug_info    0x0000000000002385     0x17ea Core\Src\stm32f3xx_hal_msp.o
 .debug_info    0x0000000000003b6f      0x7c1 Core\Src\stm32f3xx_it.o
 .debug_info    0x0000000000004330      0x416 Core\Src\system_stm32f3xx.o
 .debug_info    0x0000000000004746       0x22 Core\Startup\startup_stm32f334r8tx.o
 .debug_info    0x0000000000004768      0x7a7 Drivers\STM32F3xx_HAL_Driver\Src\stm32f3xx_hal.o
 .debug_info    0x0000000000004f0f      0xb9e Drivers\STM32F3xx_HAL_Driver\Src\stm32f3xx_hal_adc.o
 .debug_info    0x0000000000005aad     0x16b2 Drivers\STM32F3xx_HAL_Driver\Src\stm32f3xx_hal_adc_ex.o
 .debug_info    0x000000000000715f      0xb4a Drivers\STM32F3xx_HAL_Driver\Src\stm32f3xx_hal_cortex.o
 .debug_info    0x0000000000007ca9      0x757 Drivers\STM32F3xx_HAL_Driver\Src\stm32f3xx_hal_dma.o
 .debug_info    0x0000000000008400      0x74e Drivers\STM32F3xx_HAL_Driver\Src\stm32f3xx_hal_gpio.o
 .debug_info    0x0000000000008b4e     0x1586 Drivers\STM32F3xx_HAL_Driver\Src\stm32f3xx_hal_rcc.o
 .debug_info    0x000000000000a0d4      0x579 Drivers\STM32F3xx_HAL_Driver\Src\stm32f3xx_hal_rcc_ex.o
 .debug_info    0x000000000000a64d     0x1770 Drivers\STM32F3xx_HAL_Driver\Src\stm32f3xx_hal_spi.o
 .debug_info    0x000000000000bdbd     0x2ca3 Drivers\STM32F3xx_HAL_Driver\Src\stm32f3xx_hal_tim.o
 .debug_info    0x000000000000ea60     0x1679 Drivers\STM32F3xx_HAL_Driver\Src\stm32f3xx_hal_tim_ex.o
 .debug_info    0x00000000000100d9     0x3ad3 Drivers\STM32F3xx_HAL_Driver\Src\stm32f3xx_hal_uart.o

.debug_abbrev   0x0000000000000000     0x2401
 .debug_abbrev  0x0000000000000000      0x364 Core\Src\main.o
 .debug_abbrev  0x0000000000000364      0x22b Core\Src\stm32f3xx_hal_msp.o
 .debug_abbrev  0x000000000000058f      0x19e Core\Src\stm32f3xx_it.o
 .debug_abbrev  0x000000000000072d      0x116 Core\Src\system_stm32f3xx.o
 .debug_abbrev  0x0000000000000843       0x12 Core\Startup\startup_stm32f334r8tx.o
 .debug_abbrev  0x0000000000000855      0x20e Drivers\STM32F3xx_HAL_Driver\Src\stm32f3xx_hal.o
 .debug_abbrev  0x0000000000000a63      0x17a Drivers\STM32F3xx_HAL_Driver\Src\stm32f3xx_hal_adc.o
 .debug_abbrev  0x0000000000000bdd      0x27a Drivers\STM32F3xx_HAL_Driver\Src\stm32f3xx_hal_adc_ex.o
 .debug_abbrev  0x0000000000000e57      0x2ed Drivers\STM32F3xx_HAL_Driver\Src\stm32f3xx_hal_cortex.o
 .debug_abbrev  0x0000000000001144      0x1fe Drivers\STM32F3xx_HAL_Driver\Src\stm32f3xx_hal_dma.o
 .debug_abbrev  0x0000000000001342      0x1bb Drivers\STM32F3xx_HAL_Driver\Src\stm32f3xx_hal_gpio.o
 .debug_abbrev  0x00000000000014fd      0x30c Drivers\STM32F3xx_HAL_Driver\Src\stm32f3xx_hal_rcc.o
 .debug_abbrev  0x0000000000001809      0x226 Drivers\STM32F3xx_HAL_Driver\Src\stm32f3xx_hal_rcc_ex.o
 .debug_abbrev  0x0000000000001a2f      0x254 Drivers\STM32F3xx_HAL_Driver\Src\stm32f3xx_hal_spi.o
 .debug_abbrev  0x0000000000001c83      0x25d Drivers\STM32F3xx_HAL_Driver\Src\stm32f3xx_hal_tim.o
 .debug_abbrev  0x0000000000001ee0      0x265 Drivers\STM32F3xx_HAL_Driver\Src\stm32f3xx_hal_tim_ex.o
 .debug_abbrev  0x0000000000002145      0x2bc Drivers\STM32F3xx_HAL_Driver\Src\stm32f3xx_hal_uart.o

.debug_aranges  0x0000000000000000     0x1108
 .debug_aranges
                0x0000000000000000       0xc0 Core\Src\main.o
 .debug_aranges
                0x00000000000000c0       0x68 Core\Src\stm32f3xx_hal_msp.o
 .debug_aranges
                0x0000000000000128       0x88 Core\Src\stm32f3xx_it.o
 .debug_aranges
                0x00000000000001b0       0x28 Core\Src\system_stm32f3xx.o
 .debug_aranges
                0x00000000000001d8       0x28 Core\Startup\startup_stm32f334r8tx.o
 .debug_aranges
                0x0000000000000200       0xe0 Drivers\STM32F3xx_HAL_Driver\Src\stm32f3xx_hal.o
 .debug_aranges
                0x00000000000002e0       0xc8 Drivers\STM32F3xx_HAL_Driver\Src\stm32f3xx_hal_adc.o
 .debug_aranges
                0x00000000000003a8      0x168 Drivers\STM32F3xx_HAL_Driver\Src\stm32f3xx_hal_adc_ex.o
 .debug_aranges
                0x0000000000000510      0x100 Drivers\STM32F3xx_HAL_Driver\Src\stm32f3xx_hal_cortex.o
 .debug_aranges
                0x0000000000000610       0x88 Drivers\STM32F3xx_HAL_Driver\Src\stm32f3xx_hal_dma.o
 .debug_aranges
                0x0000000000000698       0x58 Drivers\STM32F3xx_HAL_Driver\Src\stm32f3xx_hal_gpio.o
 .debug_aranges
                0x00000000000006f0       0x88 Drivers\STM32F3xx_HAL_Driver\Src\stm32f3xx_hal_rcc.o
 .debug_aranges
                0x0000000000000778       0x38 Drivers\STM32F3xx_HAL_Driver\Src\stm32f3xx_hal_rcc_ex.o
 .debug_aranges
                0x00000000000007b0      0x1d8 Drivers\STM32F3xx_HAL_Driver\Src\stm32f3xx_hal_spi.o
 .debug_aranges
                0x0000000000000988      0x3e0 Drivers\STM32F3xx_HAL_Driver\Src\stm32f3xx_hal_tim.o
 .debug_aranges
                0x0000000000000d68      0x178 Drivers\STM32F3xx_HAL_Driver\Src\stm32f3xx_hal_tim_ex.o
 .debug_aranges
                0x0000000000000ee0      0x228 Drivers\STM32F3xx_HAL_Driver\Src\stm32f3xx_hal_uart.o

.debug_ranges   0x0000000000000000     0x1030
 .debug_ranges  0x0000000000000000       0xb0 Core\Src\main.o
 .debug_ranges  0x00000000000000b0       0x58 Core\Src\stm32f3xx_hal_msp.o
 .debug_ranges  0x0000000000000108       0x78 Core\Src\stm32f3xx_it.o
 .debug_ranges  0x0000000000000180       0x18 Core\Src\system_stm32f3xx.o
 .debug_ranges  0x0000000000000198       0x20 Core\Startup\startup_stm32f334r8tx.o
 .debug_ranges  0x00000000000001b8       0xd0 Drivers\STM32F3xx_HAL_Driver\Src\stm32f3xx_hal.o
 .debug_ranges  0x0000000000000288       0xb8 Drivers\STM32F3xx_HAL_Driver\Src\stm32f3xx_hal_adc.o
 .debug_ranges  0x0000000000000340      0x158 Drivers\STM32F3xx_HAL_Driver\Src\stm32f3xx_hal_adc_ex.o
 .debug_ranges  0x0000000000000498       0xf0 Drivers\STM32F3xx_HAL_Driver\Src\stm32f3xx_hal_cortex.o
 .debug_ranges  0x0000000000000588       0x78 Drivers\STM32F3xx_HAL_Driver\Src\stm32f3xx_hal_dma.o
 .debug_ranges  0x0000000000000600       0x48 Drivers\STM32F3xx_HAL_Driver\Src\stm32f3xx_hal_gpio.o
 .debug_ranges  0x0000000000000648       0x78 Drivers\STM32F3xx_HAL_Driver\Src\stm32f3xx_hal_rcc.o
 .debug_ranges  0x00000000000006c0       0x28 Drivers\STM32F3xx_HAL_Driver\Src\stm32f3xx_hal_rcc_ex.o
 .debug_ranges  0x00000000000006e8      0x1c8 Drivers\STM32F3xx_HAL_Driver\Src\stm32f3xx_hal_spi.o
 .debug_ranges  0x00000000000008b0      0x3d0 Drivers\STM32F3xx_HAL_Driver\Src\stm32f3xx_hal_tim.o
 .debug_ranges  0x0000000000000c80      0x168 Drivers\STM32F3xx_HAL_Driver\Src\stm32f3xx_hal_tim_ex.o
 .debug_ranges  0x0000000000000de8      0x248 Drivers\STM32F3xx_HAL_Driver\Src\stm32f3xx_hal_uart.o

.debug_macro    0x0000000000000000    0x2226d
 .debug_macro   0x0000000000000000      0x381 Core\Src\main.o
 .debug_macro   0x0000000000000381      0xa78 Core\Src\main.o
 .debug_macro   0x0000000000000df9      0x163 Core\Src\main.o
 .debug_macro   0x0000000000000f5c       0x2e Core\Src\main.o
 .debug_macro   0x0000000000000f8a       0x28 Core\Src\main.o
 .debug_macro   0x0000000000000fb2       0x22 Core\Src\main.o
 .debug_macro   0x0000000000000fd4       0x8e Core\Src\main.o
 .debug_macro   0x0000000000001062       0x51 Core\Src\main.o
 .debug_macro   0x00000000000010b3      0x103 Core\Src\main.o
 .debug_macro   0x00000000000011b6       0x6a Core\Src\main.o
 .debug_macro   0x0000000000001220      0x1df Core\Src\main.o
 .debug_macro   0x00000000000013ff       0x1c Core\Src\main.o
 .debug_macro   0x000000000000141b       0x22 Core\Src\main.o
 .debug_macro   0x000000000000143d       0xd9 Core\Src\main.o
 .debug_macro   0x0000000000001516      0xf07 Core\Src\main.o
 .debug_macro   0x000000000000241d    0x1585b Core\Src\main.o
 .debug_macro   0x0000000000017c78       0x6d Core\Src\main.o
 .debug_macro   0x0000000000017ce5     0x3540 Core\Src\main.o
 .debug_macro   0x000000000001b225      0x174 Core\Src\main.o
 .debug_macro   0x000000000001b399       0x55 Core\Src\main.o
 .debug_macro   0x000000000001b3ee      0x8f9 Core\Src\main.o
 .debug_macro   0x000000000001bce7      0x358 Core\Src\main.o
 .debug_macro   0x000000000001c03f      0x1b6 Core\Src\main.o
 .debug_macro   0x000000000001c1f5      0x130 Core\Src\main.o
 .debug_macro   0x000000000001c325      0x1d5 Core\Src\main.o
 .debug_macro   0x000000000001c4fa      0x1bc Core\Src\main.o
 .debug_macro   0x000000000001c6b6       0x34 Core\Src\main.o
 .debug_macro   0x000000000001c6ea       0x3c Core\Src\main.o
 .debug_macro   0x000000000001c726       0x57 Core\Src\main.o
 .debug_macro   0x000000000001c77d      0x845 Core\Src\main.o
 .debug_macro   0x000000000001cfc2       0x77 Core\Src\main.o
 .debug_macro   0x000000000001d039       0xc5 Core\Src\main.o
 .debug_macro   0x000000000001d0fe      0x19f Core\Src\main.o
 .debug_macro   0x000000000001d29d      0x22c Core\Src\main.o
 .debug_macro   0x000000000001d4c9       0x5b Core\Src\main.o
 .debug_macro   0x000000000001d524       0xa5 Core\Src\main.o
 .debug_macro   0x000000000001d5c9       0x81 Core\Src\main.o
 .debug_macro   0x000000000001d64a       0xd3 Core\Src\main.o
 .debug_macro   0x000000000001d71d      0x2fe Core\Src\main.o
 .debug_macro   0x000000000001da1b      0xa3d Core\Src\main.o
 .debug_macro   0x000000000001e458       0x59 Core\Src\main.o
 .debug_macro   0x000000000001e4b1      0x5a5 Core\Src\main.o
 .debug_macro   0x000000000001ea56       0x44 Core\Src\main.o
 .debug_macro   0x000000000001ea9a      0x2a1 Core\Src\main.o
 .debug_macro   0x000000000001ed3b       0x58 Core\Src\main.o
 .debug_macro   0x000000000001ed93       0x52 Core\Src\main.o
 .debug_macro   0x000000000001ede5       0x1e Core\Src\main.o
 .debug_macro   0x000000000001ee03       0x3c Core\Src\main.o
 .debug_macro   0x000000000001ee3f       0x34 Core\Src\main.o
 .debug_macro   0x000000000001ee73       0x16 Core\Src\main.o
 .debug_macro   0x000000000001ee89       0x35 Core\Src\main.o
 .debug_macro   0x000000000001eebe      0x341 Core\Src\main.o
 .debug_macro   0x000000000001f1ff       0x10 Core\Src\main.o
 .debug_macro   0x000000000001f20f       0x16 Core\Src\main.o
 .debug_macro   0x000000000001f225       0x43 Core\Src\main.o
 .debug_macro   0x000000000001f268       0x34 Core\Src\main.o
 .debug_macro   0x000000000001f29c       0x10 Core\Src\main.o
 .debug_macro   0x000000000001f2ac       0x58 Core\Src\main.o
 .debug_macro   0x000000000001f304       0x71 Core\Src\main.o
 .debug_macro   0x000000000001f375       0x1c Core\Src\main.o
 .debug_macro   0x000000000001f391      0x12a Core\Src\main.o
 .debug_macro   0x000000000001f4bb       0x10 Core\Src\main.o
 .debug_macro   0x000000000001f4cb       0x1c Core\Src\main.o
 .debug_macro   0x000000000001f4e7       0x52 Core\Src\main.o
 .debug_macro   0x000000000001f539       0x22 Core\Src\main.o
 .debug_macro   0x000000000001f55b       0x10 Core\Src\main.o
 .debug_macro   0x000000000001f56b       0x52 Core\Src\main.o
 .debug_macro   0x000000000001f5bd       0xd5 Core\Src\main.o
 .debug_macro   0x000000000001f692       0x1c Core\Src\main.o
 .debug_macro   0x000000000001f6ae       0x3d Core\Src\main.o
 .debug_macro   0x000000000001f6eb       0x16 Core\Src\main.o
 .debug_macro   0x000000000001f701      0x145 Core\Src\main.o
 .debug_macro   0x000000000001f846      0x19b Core\Src\main.o
 .debug_macro   0x000000000001f9e1      0x203 Core\Src\stm32f3xx_hal_msp.o
 .debug_macro   0x000000000001fbe4      0xa78 Core\Src\stm32f3xx_hal_msp.o
 .debug_macro   0x000000000002065c      0x20d Core\Src\stm32f3xx_it.o
 .debug_macro   0x0000000000020869      0x1f4 Core\Src\system_stm32f3xx.o
 .debug_macro   0x0000000000020a5d      0x218 Drivers\STM32F3xx_HAL_Driver\Src\stm32f3xx_hal.o
 .debug_macro   0x0000000000020c75      0x1f5 Drivers\STM32F3xx_HAL_Driver\Src\stm32f3xx_hal_adc.o
 .debug_macro   0x0000000000020e6a      0x21e Drivers\STM32F3xx_HAL_Driver\Src\stm32f3xx_hal_adc_ex.o
 .debug_macro   0x0000000000021088      0x1f4 Drivers\STM32F3xx_HAL_Driver\Src\stm32f3xx_hal_cortex.o
 .debug_macro   0x000000000002127c      0x1f4 Drivers\STM32F3xx_HAL_Driver\Src\stm32f3xx_hal_dma.o
 .debug_macro   0x0000000000021470      0x1fb Drivers\STM32F3xx_HAL_Driver\Src\stm32f3xx_hal_gpio.o
 .debug_macro   0x000000000002166b      0x218 Drivers\STM32F3xx_HAL_Driver\Src\stm32f3xx_hal_rcc.o
 .debug_macro   0x0000000000021883      0x1f4 Drivers\STM32F3xx_HAL_Driver\Src\stm32f3xx_hal_rcc_ex.o
 .debug_macro   0x0000000000021a77      0x1fc Drivers\STM32F3xx_HAL_Driver\Src\stm32f3xx_hal_spi.o
 .debug_macro   0x0000000000021c73      0x1f5 Drivers\STM32F3xx_HAL_Driver\Src\stm32f3xx_hal_tim.o
 .debug_macro   0x0000000000021e68      0x1f4 Drivers\STM32F3xx_HAL_Driver\Src\stm32f3xx_hal_tim_ex.o
 .debug_macro   0x000000000002205c      0x211 Drivers\STM32F3xx_HAL_Driver\Src\stm32f3xx_hal_uart.o

.debug_line     0x0000000000000000    0x14748
 .debug_line    0x0000000000000000      0xf66 Core\Src\main.o
 .debug_line    0x0000000000000f66      0x9b2 Core\Src\stm32f3xx_hal_msp.o
 .debug_line    0x0000000000001918      0x87c Core\Src\stm32f3xx_it.o
 .debug_line    0x0000000000002194      0x7b8 Core\Src\system_stm32f3xx.o
 .debug_line    0x000000000000294c       0x88 Core\Startup\startup_stm32f334r8tx.o
 .debug_line    0x00000000000029d4      0x9ed Drivers\STM32F3xx_HAL_Driver\Src\stm32f3xx_hal.o
 .debug_line    0x00000000000033c1      0x931 Drivers\STM32F3xx_HAL_Driver\Src\stm32f3xx_hal_adc.o
 .debug_line    0x0000000000003cf2     0x20e0 Drivers\STM32F3xx_HAL_Driver\Src\stm32f3xx_hal_adc_ex.o
 .debug_line    0x0000000000005dd2      0xbd5 Drivers\STM32F3xx_HAL_Driver\Src\stm32f3xx_hal_cortex.o
 .debug_line    0x00000000000069a7      0xcdb Drivers\STM32F3xx_HAL_Driver\Src\stm32f3xx_hal_dma.o
 .debug_line    0x0000000000007682      0xb3a Drivers\STM32F3xx_HAL_Driver\Src\stm32f3xx_hal_gpio.o
 .debug_line    0x00000000000081bc     0x13ca Drivers\STM32F3xx_HAL_Driver\Src\stm32f3xx_hal_rcc.o
 .debug_line    0x0000000000009586      0xad9 Drivers\STM32F3xx_HAL_Driver\Src\stm32f3xx_hal_rcc_ex.o
 .debug_line    0x000000000000a05f     0x1f67 Drivers\STM32F3xx_HAL_Driver\Src\stm32f3xx_hal_spi.o
 .debug_line    0x000000000000bfc6     0x3c21 Drivers\STM32F3xx_HAL_Driver\Src\stm32f3xx_hal_tim.o
 .debug_line    0x000000000000fbe7     0x1a60 Drivers\STM32F3xx_HAL_Driver\Src\stm32f3xx_hal_tim_ex.o
 .debug_line    0x0000000000011647     0x3101 Drivers\STM32F3xx_HAL_Driver\Src\stm32f3xx_hal_uart.o

.debug_str      0x0000000000000000    0xcd15c
 .debug_str     0x0000000000000000    0xc9898 Core\Src\main.o
                                      0xc9db3 (size before relaxing)
 .debug_str     0x00000000000c9898      0x1fa Core\Src\stm32f3xx_hal_msp.o
                                      0xc510f (size before relaxing)
 .debug_str     0x00000000000c9a92      0x153 Core\Src\stm32f3xx_it.o
                                      0xc4682 (size before relaxing)
 .debug_str     0x00000000000c9be5       0xdf Core\Src\system_stm32f3xx.o
                                      0xc3fe6 (size before relaxing)
 .debug_str     0x00000000000c9cc4       0x36 Core\Startup\startup_stm32f334r8tx.o
                                         0x59 (size before relaxing)
 .debug_str     0x00000000000c9cfa      0x397 Drivers\STM32F3xx_HAL_Driver\Src\stm32f3xx_hal.o
                                      0xc474e (size before relaxing)
 .debug_str     0x00000000000ca091      0x1dc Drivers\STM32F3xx_HAL_Driver\Src\stm32f3xx_hal_adc.o
                                      0xc45d3 (size before relaxing)
 .debug_str     0x00000000000ca26d      0x6b8 Drivers\STM32F3xx_HAL_Driver\Src\stm32f3xx_hal_adc_ex.o
                                      0xc4cdc (size before relaxing)
 .debug_str     0x00000000000ca925      0x218 Drivers\STM32F3xx_HAL_Driver\Src\stm32f3xx_hal_cortex.o
                                      0xc4673 (size before relaxing)
 .debug_str     0x00000000000cab3d      0x1fa Drivers\STM32F3xx_HAL_Driver\Src\stm32f3xx_hal_dma.o
                                      0xc432e (size before relaxing)
 .debug_str     0x00000000000cad37      0x157 Drivers\STM32F3xx_HAL_Driver\Src\stm32f3xx_hal_gpio.o
                                      0xc41c5 (size before relaxing)
 .debug_str     0x00000000000cae8e      0x2d1 Drivers\STM32F3xx_HAL_Driver\Src\stm32f3xx_hal_rcc.o
                                      0xc4486 (size before relaxing)
 .debug_str     0x00000000000cb15f       0xbe Drivers\STM32F3xx_HAL_Driver\Src\stm32f3xx_hal_rcc_ex.o
                                      0xc419a (size before relaxing)
 .debug_str     0x00000000000cb21d      0x55b Drivers\STM32F3xx_HAL_Driver\Src\stm32f3xx_hal_spi.o
                                      0xc48fe (size before relaxing)
 .debug_str     0x00000000000cb778      0xdac Drivers\STM32F3xx_HAL_Driver\Src\stm32f3xx_hal_tim.o
                                      0xc540d (size before relaxing)
 .debug_str     0x00000000000cc524      0x402 Drivers\STM32F3xx_HAL_Driver\Src\stm32f3xx_hal_tim_ex.o
                                      0xc4c63 (size before relaxing)
 .debug_str     0x00000000000cc926      0x836 Drivers\STM32F3xx_HAL_Driver\Src\stm32f3xx_hal_uart.o
                                      0xc4ce1 (size before relaxing)

.comment        0x0000000000000000       0x50
 .comment       0x0000000000000000       0x50 Core\Src\main.o
                                         0x51 (size before relaxing)
 .comment       0x0000000000000050       0x51 Core\Src\stm32f3xx_hal_msp.o
 .comment       0x0000000000000050       0x51 Core\Src\stm32f3xx_it.o
 .comment       0x0000000000000050       0x51 Core\Src\system_stm32f3xx.o
 .comment       0x0000000000000050       0x51 Drivers\STM32F3xx_HAL_Driver\Src\stm32f3xx_hal.o
 .comment       0x0000000000000050       0x51 Drivers\STM32F3xx_HAL_Driver\Src\stm32f3xx_hal_adc.o
 .comment       0x0000000000000050       0x51 Drivers\STM32F3xx_HAL_Driver\Src\stm32f3xx_hal_adc_ex.o
 .comment       0x0000000000000050       0x51 Drivers\STM32F3xx_HAL_Driver\Src\stm32f3xx_hal_cortex.o
 .comment       0x0000000000000050       0x51 Drivers\STM32F3xx_HAL_Driver\Src\stm32f3xx_hal_dma.o
 .comment       0x0000000000000050       0x51 Drivers\STM32F3xx_HAL_Driver\Src\stm32f3xx_hal_gpio.o
 .comment       0x0000000000000050       0x51 Drivers\STM32F3xx_HAL_Driver\Src\stm32f3xx_hal_rcc.o
 .comment       0x0000000000000050       0x51 Drivers\STM32F3xx_HAL_Driver\Src\stm32f3xx_hal_rcc_ex.o
 .comment       0x0000000000000050       0x51 Drivers\STM32F3xx_HAL_Driver\Src\stm32f3xx_hal_spi.o
 .comment       0x0000000000000050       0x51 Drivers\STM32F3xx_HAL_Driver\Src\stm32f3xx_hal_tim.o
 .comment       0x0000000000000050       0x51 Drivers\STM32F3xx_HAL_Driver\Src\stm32f3xx_hal_tim_ex.o
 .comment       0x0000000000000050       0x51 Drivers\STM32F3xx_HAL_Driver\Src\stm32f3xx_hal_uart.o

.debug_frame    0x0000000000000000     0x4a18
 .debug_frame   0x0000000000000000      0x310 Core\Src\main.o
 .debug_frame   0x0000000000000310      0x17c Core\Src\stm32f3xx_hal_msp.o
 .debug_frame   0x000000000000048c      0x190 Core\Src\stm32f3xx_it.o
 .debug_frame   0x000000000000061c       0x58 Core\Src\system_stm32f3xx.o
 .debug_frame   0x0000000000000674      0x334 Drivers\STM32F3xx_HAL_Driver\Src\stm32f3xx_hal.o
 .debug_frame   0x00000000000009a8      0x380 Drivers\STM32F3xx_HAL_Driver\Src\stm32f3xx_hal_adc.o
 .debug_frame   0x0000000000000d28      0x638 Drivers\STM32F3xx_HAL_Driver\Src\stm32f3xx_hal_adc_ex.o
 .debug_frame   0x0000000000001360      0x428 Drivers\STM32F3xx_HAL_Driver\Src\stm32f3xx_hal_cortex.o
 .debug_frame   0x0000000000001788      0x224 Drivers\STM32F3xx_HAL_Driver\Src\stm32f3xx_hal_dma.o
 .debug_frame   0x00000000000019ac      0x14c Drivers\STM32F3xx_HAL_Driver\Src\stm32f3xx_hal_gpio.o
 .debug_frame   0x0000000000001af8      0x214 Drivers\STM32F3xx_HAL_Driver\Src\stm32f3xx_hal_rcc.o
 .debug_frame   0x0000000000001d0c       0xb4 Drivers\STM32F3xx_HAL_Driver\Src\stm32f3xx_hal_rcc_ex.o
 .debug_frame   0x0000000000001dc0      0x860 Drivers\STM32F3xx_HAL_Driver\Src\stm32f3xx_hal_spi.o
 .debug_frame   0x0000000000002620     0x121c Drivers\STM32F3xx_HAL_Driver\Src\stm32f3xx_hal_tim.o
 .debug_frame   0x000000000000383c      0x688 Drivers\STM32F3xx_HAL_Driver\Src\stm32f3xx_hal_tim_ex.o
 .debug_frame   0x0000000000003ec4      0x9e8 Drivers\STM32F3xx_HAL_Driver\Src\stm32f3xx_hal_uart.o
 .debug_frame   0x00000000000048ac       0x2c c:/st/stm32cubeide_1.10.1/stm32cubeide/plugins/com.st.stm32cube.ide.mcu.externaltools.gnu-tools-for-stm32.10.3-2021.10.win32_1.0.100.202210260954/tools/bin/../lib/gcc/arm-none-eabi/10.3.1/../../../../arm-none-eabi/lib/thumb/v7e-m+fp/hard\libc_nano.a(lib_a-init.o)
 .debug_frame   0x00000000000048d8       0x20 c:/st/stm32cubeide_1.10.1/stm32cubeide/plugins/com.st.stm32cube.ide.mcu.externaltools.gnu-tools-for-stm32.10.3-2021.10.win32_1.0.100.202210260954/tools/bin/../lib/gcc/arm-none-eabi/10.3.1/../../../../arm-none-eabi/lib/thumb/v7e-m+fp/hard\libc_nano.a(lib_a-memset.o)
 .debug_frame   0x00000000000048f8       0xac c:/st/stm32cubeide_1.10.1/stm32cubeide/plugins/com.st.stm32cube.ide.mcu.externaltools.gnu-tools-for-stm32.10.3-2021.10.win32_1.0.100.202210260954/tools/bin/../lib/gcc/arm-none-eabi/10.3.1/thumb/v7e-m+fp/hard\libgcc.a(_arm_addsubdf3.o)
 .debug_frame   0x00000000000049a4       0x50 c:/st/stm32cubeide_1.10.1/stm32cubeide/plugins/com.st.stm32cube.ide.mcu.externaltools.gnu-tools-for-stm32.10.3-2021.10.win32_1.0.100.202210260954/tools/bin/../lib/gcc/arm-none-eabi/10.3.1/thumb/v7e-m+fp/hard\libgcc.a(_arm_muldivdf3.o)
 .debug_frame   0x00000000000049f4       0x24 c:/st/stm32cubeide_1.10.1/stm32cubeide/plugins/com.st.stm32cube.ide.mcu.externaltools.gnu-tools-for-stm32.10.3-2021.10.win32_1.0.100.202210260954/tools/bin/../lib/gcc/arm-none-eabi/10.3.1/thumb/v7e-m+fp/hard\libgcc.a(_arm_truncdfsf2.o)
