Archive member included to satisfy reference by file (symbol)

c:/st/stm32cubeide_1.10.1/stm32cubeide/plugins/com.st.stm32cube.ide.mcu.externaltools.gnu-tools-for-stm32.10.3-2021.10.win32_1.0.100.202210260954/tools/bin/../lib/gcc/arm-none-eabi/10.3.1/../../../../arm-none-eabi/lib/thumb/v7e-m+fp/hard\libm.a(lib_a-s_cos.o)
                              Core\Src\main.o (cos)
c:/st/stm32cubeide_1.10.1/stm32cubeide/plugins/com.st.stm32cube.ide.mcu.externaltools.gnu-tools-for-stm32.10.3-2021.10.win32_1.0.100.202210260954/tools/bin/../lib/gcc/arm-none-eabi/10.3.1/../../../../arm-none-eabi/lib/thumb/v7e-m+fp/hard\libm.a(lib_a-s_sin.o)
                              Core\Src\main.o (sin)
c:/st/stm32cubeide_1.10.1/stm32cubeide/plugins/com.st.stm32cube.ide.mcu.externaltools.gnu-tools-for-stm32.10.3-2021.10.win32_1.0.100.202210260954/tools/bin/../lib/gcc/arm-none-eabi/10.3.1/../../../../arm-none-eabi/lib/thumb/v7e-m+fp/hard\libm.a(lib_a-e_rem_pio2.o)
                              c:/st/stm32cubeide_1.10.1/stm32cubeide/plugins/com.st.stm32cube.ide.mcu.externaltools.gnu-tools-for-stm32.10.3-2021.10.win32_1.0.100.202210260954/tools/bin/../lib/gcc/arm-none-eabi/10.3.1/../../../../arm-none-eabi/lib/thumb/v7e-m+fp/hard\libm.a(lib_a-s_cos.o) (__ieee754_rem_pio2)
c:/st/stm32cubeide_1.10.1/stm32cubeide/plugins/com.st.stm32cube.ide.mcu.externaltools.gnu-tools-for-stm32.10.3-2021.10.win32_1.0.100.202210260954/tools/bin/../lib/gcc/arm-none-eabi/10.3.1/../../../../arm-none-eabi/lib/thumb/v7e-m+fp/hard\libm.a(lib_a-k_cos.o)
                              c:/st/stm32cubeide_1.10.1/stm32cubeide/plugins/com.st.stm32cube.ide.mcu.externaltools.gnu-tools-for-stm32.10.3-2021.10.win32_1.0.100.202210260954/tools/bin/../lib/gcc/arm-none-eabi/10.3.1/../../../../arm-none-eabi/lib/thumb/v7e-m+fp/hard\libm.a(lib_a-s_cos.o) (__kernel_cos)
c:/st/stm32cubeide_1.10.1/stm32cubeide/plugins/com.st.stm32cube.ide.mcu.externaltools.gnu-tools-for-stm32.10.3-2021.10.win32_1.0.100.202210260954/tools/bin/../lib/gcc/arm-none-eabi/10.3.1/../../../../arm-none-eabi/lib/thumb/v7e-m+fp/hard\libm.a(lib_a-k_rem_pio2.o)
                              c:/st/stm32cubeide_1.10.1/stm32cubeide/plugins/com.st.stm32cube.ide.mcu.externaltools.gnu-tools-for-stm32.10.3-2021.10.win32_1.0.100.202210260954/tools/bin/../lib/gcc/arm-none-eabi/10.3.1/../../../../arm-none-eabi/lib/thumb/v7e-m+fp/hard\libm.a(lib_a-e_rem_pio2.o) (__kernel_rem_pio2)
c:/st/stm32cubeide_1.10.1/stm32cubeide/plugins/com.st.stm32cube.ide.mcu.externaltools.gnu-tools-for-stm32.10.3-2021.10.win32_1.0.100.202210260954/tools/bin/../lib/gcc/arm-none-eabi/10.3.1/../../../../arm-none-eabi/lib/thumb/v7e-m+fp/hard\libm.a(lib_a-k_sin.o)
                              c:/st/stm32cubeide_1.10.1/stm32cubeide/plugins/com.st.stm32cube.ide.mcu.externaltools.gnu-tools-for-stm32.10.3-2021.10.win32_1.0.100.202210260954/tools/bin/../lib/gcc/arm-none-eabi/10.3.1/../../../../arm-none-eabi/lib/thumb/v7e-m+fp/hard\libm.a(lib_a-s_cos.o) (__kernel_sin)
c:/st/stm32cubeide_1.10.1/stm32cubeide/plugins/com.st.stm32cube.ide.mcu.externaltools.gnu-tools-for-stm32.10.3-2021.10.win32_1.0.100.202210260954/tools/bin/../lib/gcc/arm-none-eabi/10.3.1/../../../../arm-none-eabi/lib/thumb/v7e-m+fp/hard\libm.a(lib_a-s_fabs.o)
                              c:/st/stm32cubeide_1.10.1/stm32cubeide/plugins/com.st.stm32cube.ide.mcu.externaltools.gnu-tools-for-stm32.10.3-2021.10.win32_1.0.100.202210260954/tools/bin/../lib/gcc/arm-none-eabi/10.3.1/../../../../arm-none-eabi/lib/thumb/v7e-m+fp/hard\libm.a(lib_a-e_rem_pio2.o) (fabs)
c:/st/stm32cubeide_1.10.1/stm32cubeide/plugins/com.st.stm32cube.ide.mcu.externaltools.gnu-tools-for-stm32.10.3-2021.10.win32_1.0.100.202210260954/tools/bin/../lib/gcc/arm-none-eabi/10.3.1/../../../../arm-none-eabi/lib/thumb/v7e-m+fp/hard\libm.a(lib_a-s_floor.o)
                              c:/st/stm32cubeide_1.10.1/stm32cubeide/plugins/com.st.stm32cube.ide.mcu.externaltools.gnu-tools-for-stm32.10.3-2021.10.win32_1.0.100.202210260954/tools/bin/../lib/gcc/arm-none-eabi/10.3.1/../../../../arm-none-eabi/lib/thumb/v7e-m+fp/hard\libm.a(lib_a-k_rem_pio2.o) (floor)
c:/st/stm32cubeide_1.10.1/stm32cubeide/plugins/com.st.stm32cube.ide.mcu.externaltools.gnu-tools-for-stm32.10.3-2021.10.win32_1.0.100.202210260954/tools/bin/../lib/gcc/arm-none-eabi/10.3.1/../../../../arm-none-eabi/lib/thumb/v7e-m+fp/hard\libm.a(lib_a-s_scalbn.o)
                              c:/st/stm32cubeide_1.10.1/stm32cubeide/plugins/com.st.stm32cube.ide.mcu.externaltools.gnu-tools-for-stm32.10.3-2021.10.win32_1.0.100.202210260954/tools/bin/../lib/gcc/arm-none-eabi/10.3.1/../../../../arm-none-eabi/lib/thumb/v7e-m+fp/hard\libm.a(lib_a-k_rem_pio2.o) (scalbn)
c:/st/stm32cubeide_1.10.1/stm32cubeide/plugins/com.st.stm32cube.ide.mcu.externaltools.gnu-tools-for-stm32.10.3-2021.10.win32_1.0.100.202210260954/tools/bin/../lib/gcc/arm-none-eabi/10.3.1/../../../../arm-none-eabi/lib/thumb/v7e-m+fp/hard\libc_nano.a(lib_a-errno.o)
                              Core\Src\syscalls.o (__errno)
[...]
Memory Configuration

Name             Origin             Length             Attributes
CCMRAM           0x0000000010000000 0x0000000000001000 xrw
RAM              0x0000000020000000 0x0000000000003000 xrw
FLASH            0x0000000008000000 0x0000000000010000 xr
*default*        0x0000000000000000 0xffffffffffffffff

Linker script and memory map

LOAD c:/st/stm32cubeide_1.10.1/stm32cubeide/plugins/com.st.stm32cube.ide.mcu.externaltools.gnu-tools-for-stm32.10.3-2021.10.win32_1.0.100.202210260954/tools/bin/../lib/gcc/arm-none-eabi/10.3.1/thumb/v7e-m+fp/hard/crti.o
LOAD c:/st/stm32cubeide_1.10.1/stm32cubeide/plugins/com.st.stm32cube.ide.mcu.externaltools.gnu-tools-for-stm32.10.3-2021.10.win32_1.0.100.202210260954/tools/bin/../lib/gcc/arm-none-eabi/10.3.1/thumb/v7e-m+fp/hard/crtbegin.o
LOAD c:/st/stm32cubeide_1.10.1/stm32cubeide/plugins/com.st.stm32cube.ide.mcu.externaltools.gnu-tools-for-stm32.10.3-2021.10.win32_1.0.100.202210260954/tools/bin/../lib/gcc/arm-none-eabi/10.3.1/../../../../arm-none-eabi/lib/thumb/v7e-m+fp/hard/crt0.o
LOAD Core\Src\main.o
LOAD Core\Src\stm32f3xx_hal_msp.o
LOAD Core\Src\stm32f3xx_it.o
LOAD Core\Src\syscalls.o
LOAD Core\Src\sysmem.o
LOAD Core\Src\system_stm32f3xx.o
LOAD Core\Startup\startup_stm32f334r8tx.o
LOAD Drivers\STM32F3xx_HAL_Driver\Src\stm32f3xx_hal.o
LOAD Drivers\STM32F3xx_HAL_Driver\Src\stm32f3xx_hal_adc.o
LOAD Drivers\STM32F3xx_HAL_Driver\Src\stm32f3xx_hal_adc_ex.o
LOAD Drivers\STM32F3xx_HAL_Driver\Src\stm32f3xx_hal_cortex.o
LOAD Drivers\STM32F3xx_HAL_Driver\Src\stm32f3xx_hal_dma.o
LOAD Drivers\STM32F3xx_HAL_Driver\Src\stm32f3xx_hal_exti.o
LOAD Drivers\STM32F3xx_HAL_Driver\Src\stm32f3xx_hal_flash.o
LOAD Drivers\STM32F3xx_HAL_Driver\Src\stm32f3xx_hal_flash_ex.o
LOAD Drivers\STM32F3xx_HAL_Driver\Src\stm32f3xx_hal_gpio.o
LOAD Drivers\STM32F3xx_HAL_Driver\Src\stm32f3xx_hal_i2c.o
LOAD Drivers\STM32F3xx_HAL_Driver\Src\stm32f3xx_hal_i2c_ex.o
LOAD Drivers\STM32F3xx_HAL_Driver\Src\stm32f3xx_hal_pwr.o
LOAD Drivers\STM32F3xx_HAL_Driver\Src\stm32f3xx_hal_pwr_ex.o
LOAD Drivers\STM32F3xx_HAL_Driver\Src\stm32f3xx_hal_rcc.o
LOAD Drivers\STM32F3xx_HAL_Driver\Src\stm32f3xx_hal_rcc_ex.o
LOAD Drivers\STM32F3xx_HAL_Driver\Src\stm32f3xx_hal_spi.o
LOAD Drivers\STM32F3xx_HAL_Driver\Src\stm32f3xx_hal_spi_ex.o
LOAD Drivers\STM32F3xx_HAL_Driver\Src\stm32f3xx_hal_tim.o
LOAD Drivers\STM32F3xx_HAL_Driver\Src\stm32f3xx_hal_tim_ex.o
LOAD Drivers\STM32F3xx_HAL_Driver\Src\stm32f3xx_hal_uart.o
LOAD Drivers\STM32F3xx_HAL_Driver\Src\stm32f3xx_hal_uart_ex.o
START GROUP
LOAD c:/st/stm32cubeide_1.10.1/stm32cubeide/plugins/com.st.stm32cube.ide.mcu.externaltools.gnu-tools-for-stm32.10.3-2021.10.win32_1.0.100.202210260954/tools/bin/../lib/gcc/arm-none-eabi/10.3.1/../../../../arm-none-eabi/lib/thumb/v7e-m+fp/hard\libstdc++_nano.a
LOAD c:/st/stm32cubeide_1.10.1/stm32cubeide/plugins/com.st.stm32cube.ide.mcu.externaltools.gnu-tools-for-stm32.10.3-2021.10.win32_1.0.100.202210260954/tools/bin/../lib/gcc/arm-none-eabi/10.3.1/../../../../arm-none-eabi/lib/thumb/v7e-m+fp/hard\libsupc++_nano.a
END GROUP
LOAD c:/st/stm32cubeide_1.10.1/stm32cubeide/plugins/com.st.stm32cube.ide.mcu.externaltools.gnu-tools-for-stm32.10.3-2021.10.win32_1.0.100.202210260954/tools/bin/../lib/gcc/arm-none-eabi/10.3.1/../../../../arm-none-eabi/lib/thumb/v7e-m+fp/hard\libstdc++_nano.a
LOAD c:/st/stm32cubeide_1.10.1/stm32cubeide/plugins/com.st.stm32cube.ide.mcu.externaltools.gnu-tools-for-stm32.10.3-2021.10.win32_1.0.100.202210260954/tools/bin/../lib/gcc/arm-none-eabi/10.3.1/../../../../arm-none-eabi/lib/thumb/v7e-m+fp/hard\libm.a
LOAD c:/st/stm32cubeide_1.10.1/stm32cubeide/plugins/com.st.stm32cube.ide.mcu.externaltools.gnu-tools-for-stm32.10.3-2021.10.win32_1.0.100.202210260954/tools/bin/../lib/gcc/arm-none-eabi/10.3.1/../../../../arm-none-eabi/lib/thumb/v7e-m+fp/hard\libc_nano.a
START GROUP
LOAD c:/st/stm32cubeide_1.10.1/stm32cubeide/plugins/com.st.stm32cube.ide.mcu.externaltools.gnu-tools-for-stm32.10.3-2021.10.win32_1.0.100.202210260954/tools/bin/../lib/gcc/arm-none-eabi/10.3.1/thumb/v7e-m+fp/hard\libgcc.a
LOAD c:/st/stm32cubeide_1.10.1/stm32cubeide/plugins/com.st.stm32cube.ide.mcu.externaltools.gnu-tools-for-stm32.10.3-2021.10.win32_1.0.100.202210260954/tools/bin/../lib/gcc/arm-none-eabi/10.3.1/../../../../arm-none-eabi/lib/thumb/v7e-m+fp/hard\libc_nano.a
END GROUP
START GROUP
LOAD c:/st/stm32cubeide_1.10.1/stm32cubeide/plugins/com.st.stm32cube.ide.mcu.externaltools.gnu-tools-for-stm32.10.3-2021.10.win32_1.0.100.202210260954/tools/bin/../lib/gcc/arm-none-eabi/10.3.1/thumb/v7e-m+fp/hard\libgcc.a
LOAD c:/st/stm32cubeide_1.10.1/stm32cubeide/plugins/com.st.stm32cube.ide.mcu.externaltools.gnu-tools-for-stm32.10.3-2021.10.win32_1.0.100.202210260954/tools/bin/../lib/gcc/arm-none-eabi/10.3.1/../../../../arm-none-eabi/lib/thumb/v7e-m+fp/hard\libc_nano.a
LOAD c:/st/stm32cubeide_1.10.1/stm32cubeide/plugins/com.st.stm32cube.ide.mcu.externaltools.gnu-tools-for-stm32.10.3-2021.10.win32_1.0.100.202210260954/tools/bin/../lib/gcc/arm-none-eabi/10.3.1/../../../../arm-none-eabi/lib/thumb/v7e-m+fp/hard\libnosys.a
END GROUP
START GROUP
LOAD c:/st/stm32cubeide_1.10.1/stm32cubeide/plugins/com.st.stm32cube.ide.mcu.externaltools.gnu-tools-for-stm32.10.3-2021.10.win32_1.0.100.202210260954/tools/bin/../lib/gcc/arm-none-eabi/10.3.1/thumb/v7e-m+fp/hard\libgcc.a
LOAD c:/st/stm32cubeide_1.10.1/stm32cubeide/plugins/com.st.stm32cube.ide.mcu.externaltools.gnu-tools-for-stm32.10.3-2021.10.win32_1.0.100.202210260954/tools/bin/../lib/gcc/arm-none-eabi/10.3.1/../../../../arm-none-eabi/lib/thumb/v7e-m+fp/hard\libc_nano.a
LOAD c:/st/stm32cubeide_1.10.1/stm32cubeide/plugins/com.st.stm32cube.ide.mcu.externaltools.gnu-tools-for-stm32.10.3-2021.10.win32_1.0.100.202210260954/tools/bin/../lib/gcc/arm-none-eabi/10.3.1/../../../../arm-none-eabi/lib/thumb/v7e-m+fp/hard\libnosys.a
END GROUP
LOAD c:/st/stm32cubeide_1.10.1/stm32cubeide/plugins/com.st.stm32cube.ide.mcu.externaltools.gnu-tools-for-stm32.10.3-2021.10.win32_1.0.100.202210260954/tools/bin/../lib/gcc/arm-none-eabi/10.3.1/thumb/v7e-m+fp/hard/crtend.o
LOAD c:/st/stm32cubeide_1.10.1/stm32cubeide/plugins/com.st.stm32cube.ide.mcu.externaltools.gnu-tools-for-stm32.10.3-2021.10.win32_1.0.100.202210260954/tools/bin/../lib/gcc/arm-none-eabi/10.3.1/thumb/v7e-m+fp/hard/crtn.o
                0x0000000020003000                _estack = (ORIGIN (RAM) + LENGTH (RAM))
                0x0000000000000200                _Min_Heap_Size = 0x200
                0x0000000000000400                _Min_Stack_Size = 0x400

.isr_vector     0x0000000008000000      0x188
                0x0000000008000000                . = ALIGN (0x4)
 *(.isr_vector)
 .isr_vector    0x0000000008000000      0x188 Core\Startup\startup_stm32f334r8tx.o
                0x0000000008000000                g_pfnVectors
                0x0000000008000188                . = ALIGN (0x4)

.text           0x0000000008000188     0x6ab0
                0x0000000008000188                . = ALIGN (0x4)
 *(.text)
 .text          0x0000000008000188       0x40 c:/st/stm32cubeide_1.10.1/stm32cubeide/plugins/com.st.stm32cube.ide.mcu.externaltools.gnu-tools-for-stm32.10.3-2021.10.win32_1.0.100.202210260954/tools/bin/../lib/gcc/arm-none-eabi/10.3.1/thumb/v7e-m+fp/hard/crtbegin.o
 .text          0x00000000080001c8      0x378 c:/st/stm32cubeide_1.10.1/stm32cubeide/plugins/com.st.stm32cube.ide.mcu.externaltools.gnu-tools-for-stm32.10.3-2021.10.win32_1.0.100.202210260954/tools/bin/../lib/gcc/arm-none-eabi/10.3.1/thumb/v7e-m+fp/hard\libgcc.a(_arm_addsubdf3.o)
                0x00000000080001c8                __aeabi_drsub
                0x00000000080001d0                __aeabi_dsub
                0x00000000080001d0                __subdf3
                0x00000000080001d4                __aeabi_dadd
                0x00000000080001d4                __adddf3
                0x000000000800044c                __floatunsidf
                0x000000000800044c                __aeabi_ui2d
                0x000000000800046c                __floatsidf
                0x000000000800046c                __aeabi_i2d
                0x0000000008000490                __aeabi_f2d
                0x0000000008000490                __extendsfdf2
                0x00000000080004d4                __floatundidf
                0x00000000080004d4                __aeabi_ul2d
                0x00000000080004e4                __floatdidf
                0x00000000080004e4                __aeabi_l2d
 .text          0x0000000008000540      0x424 c:/st/stm32cubeide_1.10.1/stm32cubeide/plugins/com.st.stm32cube.ide.mcu.externaltools.gnu-tools-for-stm32.10.3-2021.10.win32_1.0.100.202210260954/tools/bin/../lib/gcc/arm-none-eabi/10.3.1/thumb/v7e-m+fp/hard\libgcc.a(_arm_muldivdf3.o)
                0x0000000008000540                __aeabi_dmul
                0x0000000008000540                __muldf3
                0x0000000008000794                __divdf3
                0x0000000008000794                __aeabi_ddiv
 .text          0x0000000008000964       0xa0 c:/st/stm32cubeide_1.10.1/stm32cubeide/plugins/com.st.stm32cube.ide.mcu.externaltools.gnu-tools-for-stm32.10.3-2021.10.win32_1.0.100.202210260954/tools/bin/../lib/gcc/arm-none-eabi/10.3.1/thumb/v7e-m+fp/hard\libgcc.a(_arm_truncdfsf2.o)
                0x0000000008000964                __truncdfsf2
                0x0000000008000964                __aeabi_d2f
 *(.text*)
 .text.HAL_TIM_PeriodElapsedCallback
                0x0000000008000a04       0x60 Core\Src\main.o
                0x0000000008000a04                HAL_TIM_PeriodElapsedCallback
 *fill*         0x0000000008000a64        0x4 
 .text.read_angle
                0x0000000008000a68      0x114 Core\Src\main.o
                0x0000000008000a68                read_angle
 .text.main     0x0000000008000b7c       0xe4 Core\Src\main.o
                0x0000000008000b7c                main
 .text.SystemClock_Config
                0x0000000008000c60       0xc6 Core\Src\main.o
                0x0000000008000c60                SystemClock_Config
 *fill*         0x0000000008000d26        0x2 
 .text.MX_ADC1_Init
                0x0000000008000d28       0xe0 Core\Src\main.o
 .text.MX_ADC2_Init
                0x0000000008000e08       0xbc Core\Src\main.o
 .text.MX_SPI1_Init
                0x0000000008000ec4       0x7c Core\Src\main.o
 .text.MX_TIM1_Init
                0x0000000008000f40      0x150 Core\Src\main.o
 .text.MX_USART1_UART_Init
                0x0000000008001090       0x60 Core\Src\main.o
 .text.MX_USART2_UART_Init
                0x00000000080010f0       0x60 Core\Src\main.o
 .text.MX_DMA_Init
                0x0000000008001150       0x4c Core\Src\main.o
 .text.MX_GPIO_Init
                0x000000000800119c       0xac Core\Src\main.o
 .text.Error_Handler
                0x0000000008001248        0xa Core\Src\main.o
                0x0000000008001248                Error_Handler
 *fill*         0x0000000008001252        0x2 
 .text.HAL_MspInit
                0x0000000008001254       0x48 Core\Src\stm32f3xx_hal_msp.o
                0x0000000008001254                HAL_MspInit
 .text.HAL_ADC_MspInit
                0x000000000800129c      0x1ac Core\Src\stm32f3xx_hal_msp.o
                0x000000000800129c                HAL_ADC_MspInit
 .text.HAL_SPI_MspInit
                0x0000000008001448       0x84 Core\Src\stm32f3xx_hal_msp.o
                0x0000000008001448                HAL_SPI_MspInit
 .text.HAL_TIM_PWM_MspInit
                0x00000000080014cc       0x4c Core\Src\stm32f3xx_hal_msp.o
                0x00000000080014cc                HAL_TIM_PWM_MspInit
 .text.HAL_TIM_MspPostInit
                0x0000000008001518       0x70 Core\Src\stm32f3xx_hal_msp.o
                0x0000000008001518                HAL_TIM_MspPostInit
 .text.HAL_UART_MspInit
                0x0000000008001588      0x124 Core\Src\stm32f3xx_hal_msp.o
                0x0000000008001588                HAL_UART_MspInit
 .text.NMI_Handler
                0x00000000080016ac        0x6 Core\Src\stm32f3xx_it.o
                0x00000000080016ac                NMI_Handler
 .text.HardFault_Handler
                0x00000000080016b2        0x6 Core\Src\stm32f3xx_it.o
                0x00000000080016b2                HardFault_Handler
 .text.MemManage_Handler
                0x00000000080016b8        0x6 Core\Src\stm32f3xx_it.o
                0x00000000080016b8                MemManage_Handler
 .text.BusFault_Handler
                0x00000000080016be        0x6 Core\Src\stm32f3xx_it.o
                0x00000000080016be                BusFault_Handler
 .text.UsageFault_Handler
                0x00000000080016c4        0x6 Core\Src\stm32f3xx_it.o
                0x00000000080016c4                UsageFault_Handler
 .text.SVC_Handler
                0x00000000080016ca        0xe Core\Src\stm32f3xx_it.o
                0x00000000080016ca                SVC_Handler
 .text.DebugMon_Handler
                0x00000000080016d8        0xe Core\Src\stm32f3xx_it.o
                0x00000000080016d8                DebugMon_Handler
 .text.PendSV_Handler
                0x00000000080016e6        0xe Core\Src\stm32f3xx_it.o
                0x00000000080016e6                PendSV_Handler
 .text.SysTick_Handler
                0x00000000080016f4        0xc Core\Src\stm32f3xx_it.o
                0x00000000080016f4                SysTick_Handler
 .text.DMA1_Channel1_IRQHandler
                0x0000000008001700       0x14 Core\Src\stm32f3xx_it.o
                0x0000000008001700                DMA1_Channel1_IRQHandler
 .text.DMA1_Channel2_IRQHandler
                0x0000000008001714       0x14 Core\Src\stm32f3xx_it.o
                0x0000000008001714                DMA1_Channel2_IRQHandler
 .text.TIM1_UP_TIM16_IRQHandler
                0x0000000008001728       0x14 Core\Src\stm32f3xx_it.o
                0x0000000008001728                TIM1_UP_TIM16_IRQHandler
 .text.SystemInit
                0x000000000800173c       0x24 Core\Src\system_stm32f3xx.o
                0x000000000800173c                SystemInit
 .text.Reset_Handler
                0x0000000008001760       0x50 Core\Startup\startup_stm32f334r8tx.o
                0x0000000008001760                Reset_Handler
 .text.Default_Handler
                0x00000000080017b0        0x2 Core\Startup\startup_stm32f334r8tx.o
                0x00000000080017b0                RTC_Alarm_IRQHandler
                0x00000000080017b0                HRTIM1_Master_IRQHandler
                0x00000000080017b0                TIM1_CC_IRQHandler
                0x00000000080017b0                HRTIM1_FLT_IRQHandler
                0x00000000080017b0                PVD_IRQHandler
                0x00000000080017b0                HRTIM1_TIMD_IRQHandler
                0x00000000080017b0                TAMP_STAMP_IRQHandler
                0x00000000080017b0                EXTI3_IRQHandler
                0x00000000080017b0                EXTI0_IRQHandler
                0x00000000080017b0                FPU_IRQHandler
                0x00000000080017b0                CAN_TX_IRQHandler
                0x00000000080017b0                ADC1_2_IRQHandler
                0x00000000080017b0                HRTIM1_TIME_IRQHandler
                0x00000000080017b0                SPI1_IRQHandler
                0x00000000080017b0                CAN_SCE_IRQHandler
                0x00000000080017b0                HRTIM1_TIMC_IRQHandler
                0x00000000080017b0                DMA1_Channel4_IRQHandler
                0x00000000080017b0                USART3_IRQHandler
                0x00000000080017b0                DMA1_Channel7_IRQHandler
                0x00000000080017b0                TIM7_DAC2_IRQHandler
                0x00000000080017b0                CAN_RX1_IRQHandler
                0x00000000080017b0                I2C1_EV_IRQHandler
                0x00000000080017b0                DMA1_Channel6_IRQHandler
                0x00000000080017b0                TIM3_IRQHandler
                0x00000000080017b0                RCC_IRQHandler
                0x00000000080017b0                Default_Handler
                0x00000000080017b0                EXTI15_10_IRQHandler
                0x00000000080017b0                COMP2_IRQHandler
                0x00000000080017b0                HRTIM1_TIMA_IRQHandler
                0x00000000080017b0                TIM6_DAC1_IRQHandler
                0x00000000080017b0                EXTI9_5_IRQHandler
                0x00000000080017b0                RTC_WKUP_IRQHandler
                0x00000000080017b0                DMA1_Channel5_IRQHandler
                0x00000000080017b0                EXTI4_IRQHandler
                0x00000000080017b0                HRTIM1_TIMB_IRQHandler
                0x00000000080017b0                TIM1_TRG_COM_TIM17_IRQHandler
                0x00000000080017b0                DMA1_Channel3_IRQHandler
                0x00000000080017b0                WWDG_IRQHandler
                0x00000000080017b0                TIM2_IRQHandler
                0x00000000080017b0                EXTI1_IRQHandler
                0x00000000080017b0                COMP4_6_IRQHandler
                0x00000000080017b0                USART2_IRQHandler
                0x00000000080017b0                FLASH_IRQHandler
                0x00000000080017b0                USART1_IRQHandler
                0x00000000080017b0                CAN_RX0_IRQHandler
                0x00000000080017b0                I2C1_ER_IRQHandler
                0x00000000080017b0                EXTI2_TSC_IRQHandler
                0x00000000080017b0                TIM1_BRK_TIM15_IRQHandler
 *fill*         0x00000000080017b2        0x2 
 .text.HAL_Init
                0x00000000080017b4       0x2c Drivers\STM32F3xx_HAL_Driver\Src\stm32f3xx_hal.o
                0x00000000080017b4                HAL_Init
 .text.HAL_InitTick
                0x00000000080017e0       0x60 Drivers\STM32F3xx_HAL_Driver\Src\stm32f3xx_hal.o
                0x00000000080017e0                HAL_InitTick
 .text.HAL_IncTick
                0x0000000008001840       0x28 Drivers\STM32F3xx_HAL_Driver\Src\stm32f3xx_hal.o
                0x0000000008001840                HAL_IncTick
 .text.HAL_GetTick
                0x0000000008001868       0x18 Drivers\STM32F3xx_HAL_Driver\Src\stm32f3xx_hal.o
                0x0000000008001868                HAL_GetTick
 .text.HAL_ADC_ConvCpltCallback
                0x0000000008001880       0x14 Drivers\STM32F3xx_HAL_Driver\Src\stm32f3xx_hal_adc.o
                0x0000000008001880                HAL_ADC_ConvCpltCallback
 .text.HAL_ADC_ConvHalfCpltCallback
                0x0000000008001894       0x14 Drivers\STM32F3xx_HAL_Driver\Src\stm32f3xx_hal_adc.o
                0x0000000008001894                HAL_ADC_ConvHalfCpltCallback
 .text.HAL_ADC_ErrorCallback
                0x00000000080018a8       0x14 Drivers\STM32F3xx_HAL_Driver\Src\stm32f3xx_hal_adc.o
                0x00000000080018a8                HAL_ADC_ErrorCallback
 .text.HAL_ADC_Init
                0x00000000080018bc      0x324 Drivers\STM32F3xx_HAL_Driver\Src\stm32f3xx_hal_adc_ex.o
                0x00000000080018bc                HAL_ADC_Init
 .text.HAL_ADC_Start_DMA
                0x0000000008001be0      0x1b4 Drivers\STM32F3xx_HAL_Driver\Src\stm32f3xx_hal_adc_ex.o
                0x0000000008001be0                HAL_ADC_Start_DMA
 .text.HAL_ADC_ConfigChannel
                0x0000000008001d94      0x580 Drivers\STM32F3xx_HAL_Driver\Src\stm32f3xx_hal_adc_ex.o
                0x0000000008001d94                HAL_ADC_ConfigChannel
 .text.HAL_ADCEx_MultiModeConfigChannel
                0x0000000008002314      0x18c Drivers\STM32F3xx_HAL_Driver\Src\stm32f3xx_hal_adc_ex.o
                0x0000000008002314                HAL_ADCEx_MultiModeConfigChannel
 .text.ADC_DMAConvCplt
                0x00000000080024a0       0x7a Drivers\STM32F3xx_HAL_Driver\Src\stm32f3xx_hal_adc_ex.o
 .text.ADC_DMAHalfConvCplt
                0x000000000800251a       0x1c Drivers\STM32F3xx_HAL_Driver\Src\stm32f3xx_hal_adc_ex.o
 .text.ADC_DMAError
                0x0000000008002536       0x34 Drivers\STM32F3xx_HAL_Driver\Src\stm32f3xx_hal_adc_ex.o
 *fill*         0x000000000800256a        0x2 
 .text.ADC_Enable
                0x000000000800256c       0xc8 Drivers\STM32F3xx_HAL_Driver\Src\stm32f3xx_hal_adc_ex.o
 .text.ADC_Disable
                0x0000000008002634       0xcc Drivers\STM32F3xx_HAL_Driver\Src\stm32f3xx_hal_adc_ex.o
 .text.__NVIC_SetPriorityGrouping
                0x0000000008002700       0x48 Drivers\STM32F3xx_HAL_Driver\Src\stm32f3xx_hal_cortex.o
 .text.__NVIC_GetPriorityGrouping
                0x0000000008002748       0x1c Drivers\STM32F3xx_HAL_Driver\Src\stm32f3xx_hal_cortex.o
 .text.__NVIC_EnableIRQ
                0x0000000008002764       0x3c Drivers\STM32F3xx_HAL_Driver\Src\stm32f3xx_hal_cortex.o
 .text.__NVIC_SetPriority
                0x00000000080027a0       0x54 Drivers\STM32F3xx_HAL_Driver\Src\stm32f3xx_hal_cortex.o
 .text.NVIC_EncodePriority
                0x00000000080027f4       0x66 Drivers\STM32F3xx_HAL_Driver\Src\stm32f3xx_hal_cortex.o
 *fill*         0x000000000800285a        0x2 
 .text.SysTick_Config
                0x000000000800285c       0x44 Drivers\STM32F3xx_HAL_Driver\Src\stm32f3xx_hal_cortex.o
 .text.HAL_NVIC_SetPriorityGrouping
                0x00000000080028a0       0x16 Drivers\STM32F3xx_HAL_Driver\Src\stm32f3xx_hal_cortex.o
                0x00000000080028a0                HAL_NVIC_SetPriorityGrouping
 .text.HAL_NVIC_SetPriority
                0x00000000080028b6       0x38 Drivers\STM32F3xx_HAL_Driver\Src\stm32f3xx_hal_cortex.o
                0x00000000080028b6                HAL_NVIC_SetPriority
 .text.HAL_NVIC_EnableIRQ
                0x00000000080028ee       0x1c Drivers\STM32F3xx_HAL_Driver\Src\stm32f3xx_hal_cortex.o
                0x00000000080028ee                HAL_NVIC_EnableIRQ
 .text.HAL_SYSTICK_Config
                0x000000000800290a       0x18 Drivers\STM32F3xx_HAL_Driver\Src\stm32f3xx_hal_cortex.o
                0x000000000800290a                HAL_SYSTICK_Config
 .text.HAL_DMA_Init
                0x0000000008002922       0x8e Drivers\STM32F3xx_HAL_Driver\Src\stm32f3xx_hal_dma.o
                0x0000000008002922                HAL_DMA_Init
 .text.HAL_DMA_Start_IT
                0x00000000080029b0       0xbe Drivers\STM32F3xx_HAL_Driver\Src\stm32f3xx_hal_dma.o
                0x00000000080029b0                HAL_DMA_Start_IT
 .text.HAL_DMA_IRQHandler
                0x0000000008002a6e      0x146 Drivers\STM32F3xx_HAL_Driver\Src\stm32f3xx_hal_dma.o
                0x0000000008002a6e                HAL_DMA_IRQHandler
 .text.DMA_SetConfig
                0x0000000008002bb4       0x5c Drivers\STM32F3xx_HAL_Driver\Src\stm32f3xx_hal_dma.o
 .text.DMA_CalcBaseAndBitshift
                0x0000000008002c10       0x40 Drivers\STM32F3xx_HAL_Driver\Src\stm32f3xx_hal_dma.o
 .text.HAL_GPIO_Init
                0x0000000008002c50      0x2e4 Drivers\STM32F3xx_HAL_Driver\Src\stm32f3xx_hal_gpio.o
                0x0000000008002c50                HAL_GPIO_Init
 .text.HAL_GPIO_WritePin
                0x0000000008002f34       0x30 Drivers\STM32F3xx_HAL_Driver\Src\stm32f3xx_hal_gpio.o
                0x0000000008002f34                HAL_GPIO_WritePin
 .text.HAL_RCC_OscConfig
                0x0000000008002f64     0x107c Drivers\STM32F3xx_HAL_Driver\Src\stm32f3xx_hal_rcc.o
                0x0000000008002f64                HAL_RCC_OscConfig
 .text.HAL_RCC_ClockConfig
                0x0000000008003fe0      0x2f8 Drivers\STM32F3xx_HAL_Driver\Src\stm32f3xx_hal_rcc.o
                0x0000000008003fe0                HAL_RCC_ClockConfig
 .text.HAL_RCC_GetSysClockFreq
                0x00000000080042d8       0xd4 Drivers\STM32F3xx_HAL_Driver\Src\stm32f3xx_hal_rcc.o
                0x00000000080042d8                HAL_RCC_GetSysClockFreq
 .text.HAL_RCC_GetHCLKFreq
                0x00000000080043ac       0x18 Drivers\STM32F3xx_HAL_Driver\Src\stm32f3xx_hal_rcc.o
                0x00000000080043ac                HAL_RCC_GetHCLKFreq
 .text.HAL_RCC_GetPCLK1Freq
                0x00000000080043c4       0x44 Drivers\STM32F3xx_HAL_Driver\Src\stm32f3xx_hal_rcc.o
                0x00000000080043c4                HAL_RCC_GetPCLK1Freq
 .text.HAL_RCC_GetPCLK2Freq
                0x0000000008004408       0x44 Drivers\STM32F3xx_HAL_Driver\Src\stm32f3xx_hal_rcc.o
                0x0000000008004408                HAL_RCC_GetPCLK2Freq
 .text.HAL_RCCEx_PeriphCLKConfig
                0x000000000800444c      0x26c Drivers\STM32F3xx_HAL_Driver\Src\stm32f3xx_hal_rcc_ex.o
                0x000000000800444c                HAL_RCCEx_PeriphCLKConfig
 .text.HAL_SPI_Init
                0x00000000080046b8      0x146 Drivers\STM32F3xx_HAL_Driver\Src\stm32f3xx_hal_spi.o
                0x00000000080046b8                HAL_SPI_Init
 .text.HAL_SPI_Transmit
                0x00000000080047fe      0x2dc Drivers\STM32F3xx_HAL_Driver\Src\stm32f3xx_hal_spi.o
                0x00000000080047fe                HAL_SPI_Transmit
 .text.HAL_SPI_Receive
                0x0000000008004ada      0x260 Drivers\STM32F3xx_HAL_Driver\Src\stm32f3xx_hal_spi.o
                0x0000000008004ada                HAL_SPI_Receive
 .text.HAL_SPI_TransmitReceive
                0x0000000008004d3a      0x426 Drivers\STM32F3xx_HAL_Driver\Src\stm32f3xx_hal_spi.o
                0x0000000008004d3a                HAL_SPI_TransmitReceive
 .text.SPI_WaitFlagStateUntilTimeout
                0x0000000008005160      0x110 Drivers\STM32F3xx_HAL_Driver\Src\stm32f3xx_hal_spi.o
 .text.SPI_WaitFifoStateUntilTimeout
                0x0000000008005270      0x12c Drivers\STM32F3xx_HAL_Driver\Src\stm32f3xx_hal_spi.o
 .text.SPI_EndRxTransaction
                0x000000000800539c       0xb0 Drivers\STM32F3xx_HAL_Driver\Src\stm32f3xx_hal_spi.o
 .text.SPI_EndRxTxTransaction
                0x000000000800544c       0x8c Drivers\STM32F3xx_HAL_Driver\Src\stm32f3xx_hal_spi.o
 .text.HAL_TIM_Base_Start_IT
                0x00000000080054d8       0xb8 Drivers\STM32F3xx_HAL_Driver\Src\stm32f3xx_hal_tim.o
                0x00000000080054d8                HAL_TIM_Base_Start_IT
 .text.HAL_TIM_PWM_Init
                0x0000000008005590       0xae Drivers\STM32F3xx_HAL_Driver\Src\stm32f3xx_hal_tim.o
                0x0000000008005590                HAL_TIM_PWM_Init
 *fill*         0x000000000800563e        0x2 
 .text.HAL_TIM_PWM_Start
                0x0000000008005640      0x1d8 Drivers\STM32F3xx_HAL_Driver\Src\stm32f3xx_hal_tim.o
                0x0000000008005640                HAL_TIM_PWM_Start
 .text.HAL_TIM_IRQHandler
                0x0000000008005818      0x23e Drivers\STM32F3xx_HAL_Driver\Src\stm32f3xx_hal_tim.o
                0x0000000008005818                HAL_TIM_IRQHandler
 *fill*         0x0000000008005a56        0x2 
 .text.HAL_TIM_PWM_ConfigChannel
                0x0000000008005a58      0x228 Drivers\STM32F3xx_HAL_Driver\Src\stm32f3xx_hal_tim.o
                0x0000000008005a58                HAL_TIM_PWM_ConfigChannel
 .text.HAL_TIM_OC_DelayElapsedCallback
                0x0000000008005c80       0x14 Drivers\STM32F3xx_HAL_Driver\Src\stm32f3xx_hal_tim.o
                0x0000000008005c80                HAL_TIM_OC_DelayElapsedCallback
 .text.HAL_TIM_IC_CaptureCallback
                0x0000000008005c94       0x14 Drivers\STM32F3xx_HAL_Driver\Src\stm32f3xx_hal_tim.o
                0x0000000008005c94                HAL_TIM_IC_CaptureCallback
 .text.HAL_TIM_PWM_PulseFinishedCallback
                0x0000000008005ca8       0x14 Drivers\STM32F3xx_HAL_Driver\Src\stm32f3xx_hal_tim.o
                0x0000000008005ca8                HAL_TIM_PWM_PulseFinishedCallback
 .text.HAL_TIM_TriggerCallback
                0x0000000008005cbc       0x14 Drivers\STM32F3xx_HAL_Driver\Src\stm32f3xx_hal_tim.o
                0x0000000008005cbc                HAL_TIM_TriggerCallback
 .text.TIM_Base_SetConfig
                0x0000000008005cd0       0xf0 Drivers\STM32F3xx_HAL_Driver\Src\stm32f3xx_hal_tim.o
                0x0000000008005cd0                TIM_Base_SetConfig
 .text.TIM_OC1_SetConfig
                0x0000000008005dc0      0x10c Drivers\STM32F3xx_HAL_Driver\Src\stm32f3xx_hal_tim.o
 .text.TIM_OC2_SetConfig
                0x0000000008005ecc      0x100 Drivers\STM32F3xx_HAL_Driver\Src\stm32f3xx_hal_tim.o
                0x0000000008005ecc                TIM_OC2_SetConfig
 .text.TIM_OC3_SetConfig
                0x0000000008005fcc       0xfc Drivers\STM32F3xx_HAL_Driver\Src\stm32f3xx_hal_tim.o
 .text.TIM_OC4_SetConfig
                0x00000000080060c8       0xc8 Drivers\STM32F3xx_HAL_Driver\Src\stm32f3xx_hal_tim.o
 .text.TIM_OC5_SetConfig
                0x0000000008006190       0xbc Drivers\STM32F3xx_HAL_Driver\Src\stm32f3xx_hal_tim.o
 .text.TIM_OC6_SetConfig
                0x000000000800624c       0xc0 Drivers\STM32F3xx_HAL_Driver\Src\stm32f3xx_hal_tim.o
 .text.TIM_CCxChannelCmd
                0x000000000800630c       0x4a Drivers\STM32F3xx_HAL_Driver\Src\stm32f3xx_hal_tim.o
                0x000000000800630c                TIM_CCxChannelCmd
 *fill*         0x0000000008006356        0x2 
 .text.HAL_TIMEx_MasterConfigSynchronization
                0x0000000008006358       0xdc Drivers\STM32F3xx_HAL_Driver\Src\stm32f3xx_hal_tim_ex.o
                0x0000000008006358                HAL_TIMEx_MasterConfigSynchronization
 .text.HAL_TIMEx_ConfigBreakDeadTime
                0x0000000008006434       0xf0 Drivers\STM32F3xx_HAL_Driver\Src\stm32f3xx_hal_tim_ex.o
                0x0000000008006434                HAL_TIMEx_ConfigBreakDeadTime
 .text.HAL_TIMEx_CommutCallback
                0x0000000008006524       0x14 Drivers\STM32F3xx_HAL_Driver\Src\stm32f3xx_hal_tim_ex.o
                0x0000000008006524                HAL_TIMEx_CommutCallback
 .text.HAL_TIMEx_BreakCallback
                0x0000000008006538       0x14 Drivers\STM32F3xx_HAL_Driver\Src\stm32f3xx_hal_tim_ex.o
                0x0000000008006538                HAL_TIMEx_BreakCallback
 .text.HAL_TIMEx_Break2Callback
                0x000000000800654c       0x14 Drivers\STM32F3xx_HAL_Driver\Src\stm32f3xx_hal_tim_ex.o
                0x000000000800654c                HAL_TIMEx_Break2Callback
 .text.HAL_UART_Init
                0x0000000008006560       0x9c Drivers\STM32F3xx_HAL_Driver\Src\stm32f3xx_hal_uart.o
                0x0000000008006560                HAL_UART_Init
 .text.UART_SetConfig
                0x00000000080065fc      0x26c Drivers\STM32F3xx_HAL_Driver\Src\stm32f3xx_hal_uart.o
                0x00000000080065fc                UART_SetConfig
 .text.UART_AdvFeatureConfig
                0x0000000008006868      0x144 Drivers\STM32F3xx_HAL_Driver\Src\stm32f3xx_hal_uart.o
                0x0000000008006868                UART_AdvFeatureConfig
 .text.UART_CheckIdleState
                0x00000000080069ac       0x92 Drivers\STM32F3xx_HAL_Driver\Src\stm32f3xx_hal_uart.o
                0x00000000080069ac                UART_CheckIdleState
 .text.UART_WaitOnFlagUntilTimeout
                0x0000000008006a3e      0x188 Drivers\STM32F3xx_HAL_Driver\Src\stm32f3xx_hal_uart.o
                0x0000000008006a3e                UART_WaitOnFlagUntilTimeout
 *fill*         0x0000000008006bc6        0x2 
 .text.__libc_init_array
                0x0000000008006bc8       0x48 c:/st/stm32cubeide_1.10.1/stm32cubeide/plugins/com.st.stm32cube.ide.mcu.externaltools.gnu-tools-for-stm32.10.3-2021.10.win32_1.0.100.202210260954/tools/bin/../lib/gcc/arm-none-eabi/10.3.1/../../../../arm-none-eabi/lib/thumb/v7e-m+fp/hard\libc_nano.a(lib_a-init.o)
                0x0000000008006bc8                __libc_init_array
 .text.memset   0x0000000008006c10       0x10 c:/st/stm32cubeide_1.10.1/stm32cubeide/plugins/com.st.stm32cube.ide.mcu.externaltools.gnu-tools-for-stm32.10.3-2021.10.win32_1.0.100.202210260954/tools/bin/../lib/gcc/arm-none-eabi/10.3.1/../../../../arm-none-eabi/lib/thumb/v7e-m+fp/hard\libc_nano.a(lib_a-memset.o)
                0x0000000008006c10                memset
 *(.glue_7)
 .glue_7        0x0000000008006c20        0x0 linker stubs
 *(.glue_7t)
 .glue_7t       0x0000000008006c20        0x0 linker stubs
 *(.eh_frame)
 .eh_frame      0x0000000008006c20        0x0 c:/st/stm32cubeide_1.10.1/stm32cubeide/plugins/com.st.stm32cube.ide.mcu.externaltools.gnu-tools-for-stm32.10.3-2021.10.win32_1.0.100.202210260954/tools/bin/../lib/gcc/arm-none-eabi/10.3.1/thumb/v7e-m+fp/hard/crtbegin.o
 *(.init)
 .init          0x0000000008006c20        0x4 c:/st/stm32cubeide_1.10.1/stm32cubeide/plugins/com.st.stm32cube.ide.mcu.externaltools.gnu-tools-for-stm32.10.3-2021.10.win32_1.0.100.202210260954/tools/bin/../lib/gcc/arm-none-eabi/10.3.1/thumb/v7e-m+fp/hard/crti.o
                0x0000000008006c20                _init
 .init          0x0000000008006c24        0x8 c:/st/stm32cubeide_1.10.1/stm32cubeide/plugins/com.st.stm32cube.ide.mcu.externaltools.gnu-tools-for-stm32.10.3-2021.10.win32_1.0.100.202210260954/tools/bin/../lib/gcc/arm-none-eabi/10.3.1/thumb/v7e-m+fp/hard/crtn.o
 *(.fini)
 .fini          0x0000000008006c2c        0x4 c:/st/stm32cubeide_1.10.1/stm32cubeide/plugins/com.st.stm32cube.ide.mcu.externaltools.gnu-tools-for-stm32.10.3-2021.10.win32_1.0.100.202210260954/tools/bin/../lib/gcc/arm-none-eabi/10.3.1/thumb/v7e-m+fp/hard/crti.o
                0x0000000008006c2c                _fini
 .fini          0x0000000008006c30        0x8 c:/st/stm32cubeide_1.10.1/stm32cubeide/plugins/com.st.stm32cube.ide.mcu.externaltools.gnu-tools-for-stm32.10.3-2021.10.win32_1.0.100.202210260954/tools/bin/../lib/gcc/arm-none-eabi/10.3.1/thumb/v7e-m+fp/hard/crtn.o
                0x0000000008006c38                . = ALIGN (0x4)
                0x0000000008006c38                _etext = .

.vfp11_veneer   0x0000000008006c38        0x0
 .vfp11_veneer  0x0000000008006c38        0x0 linker stubs

.v4_bx          0x0000000008006c38        0x0
 .v4_bx         0x0000000008006c38        0x0 linker stubs

.iplt           0x0000000008006c38        0x0
 .iplt          0x0000000008006c38        0x0 c:/st/stm32cubeide_1.10.1/stm32cubeide/plugins/com.st.stm32cube.ide.mcu.externaltools.gnu-tools-for-stm32.10.3-2021.10.win32_1.0.100.202210260954/tools/bin/../lib/gcc/arm-none-eabi/10.3.1/thumb/v7e-m+fp/hard/crtbegin.o

.rodata         0x0000000008006c38       0x38
                0x0000000008006c38                . = ALIGN (0x4)
 *(.rodata)
 *(.rodata*)
 .rodata.AHBPrescTable
                0x0000000008006c38       0x10 Core\Src\system_stm32f3xx.o
                0x0000000008006c38                AHBPrescTable
 .rodata.APBPrescTable
                0x0000000008006c48        0x8 Core\Src\system_stm32f3xx.o
                0x0000000008006c48                APBPrescTable
 .rodata.aPLLMULFactorTable
                0x0000000008006c50       0x10 Drivers\STM32F3xx_HAL_Driver\Src\stm32f3xx_hal_rcc.o
                0x0000000008006c50                aPLLMULFactorTable
 .rodata.aPredivFactorTable
                0x0000000008006c60       0x10 Drivers\STM32F3xx_HAL_Driver\Src\stm32f3xx_hal_rcc.o
                0x0000000008006c60                aPredivFactorTable
                0x0000000008006c70                . = ALIGN (0x4)

.rel.dyn        0x0000000008006c70        0x0
 .rel.iplt      0x0000000008006c70        0x0 c:/st/stm32cubeide_1.10.1/stm32cubeide/plugins/com.st.stm32cube.ide.mcu.externaltools.gnu-tools-for-stm32.10.3-2021.10.win32_1.0.100.202210260954/tools/bin/../lib/gcc/arm-none-eabi/10.3.1/thumb/v7e-m+fp/hard/crtbegin.o

.ARM.extab      0x0000000008006c70        0x0
                0x0000000008006c70                . = ALIGN (0x4)
 *(.ARM.extab* .gnu.linkonce.armextab.*)
                0x0000000008006c70                . = ALIGN (0x4)

.ARM            0x0000000008006c70        0x0
                0x0000000008006c70                . = ALIGN (0x4)
                0x0000000008006c70                __exidx_start = .
 *(.ARM.exidx*)
                0x0000000008006c70                __exidx_end = .
                0x0000000008006c70                . = ALIGN (0x4)

.preinit_array  0x0000000008006c70        0x0
                0x0000000008006c70                . = ALIGN (0x4)
                0x0000000008006c70                PROVIDE (__preinit_array_start = .)
 *(.preinit_array*)
                0x0000000008006c70                PROVIDE (__preinit_array_end = .)
                0x0000000008006c70                . = ALIGN (0x4)

.init_array     0x0000000008006c70        0x4
                0x0000000008006c70                . = ALIGN (0x4)
                0x0000000008006c70                PROVIDE (__init_array_start = .)
 *(SORT_BY_NAME(.init_array.*))
 *(.init_array*)
 .init_array    0x0000000008006c70        0x4 c:/st/stm32cubeide_1.10.1/stm32cubeide/plugins/com.st.stm32cube.ide.mcu.externaltools.gnu-tools-for-stm32.10.3-2021.10.win32_1.0.100.202210260954/tools/bin/../lib/gcc/arm-none-eabi/10.3.1/thumb/v7e-m+fp/hard/crtbegin.o
                0x0000000008006c74                PROVIDE (__init_array_end = .)
                0x0000000008006c74                . = ALIGN (0x4)

.fini_array     0x0000000008006c74        0x4
                0x0000000008006c74                . = ALIGN (0x4)
                [!provide]                        PROVIDE (__fini_array_start = .)
 *(SORT_BY_NAME(.fini_array.*))
 *(.fini_array*)
 .fini_array    0x0000000008006c74        0x4 c:/st/stm32cubeide_1.10.1/stm32cubeide/plugins/com.st.stm32cube.ide.mcu.externaltools.gnu-tools-for-stm32.10.3-2021.10.win32_1.0.100.202210260954/tools/bin/../lib/gcc/arm-none-eabi/10.3.1/thumb/v7e-m+fp/hard/crtbegin.o
                [!provide]                        PROVIDE (__fini_array_end = .)
                0x0000000008006c78                . = ALIGN (0x4)
                0x0000000008006c78                _sidata = LOADADDR (.data)

.data           0x0000000020000000       0x10 load address 0x0000000008006c78
                0x0000000020000000                . = ALIGN (0x4)
                0x0000000020000000                _sdata = .
 *(.data)
 *(.data*)
 .data.ANGLEUNC
                0x0000000020000000        0x2 Core\Src\main.o
                0x0000000020000000                ANGLEUNC
 *fill*         0x0000000020000002        0x2 
 .data.SystemCoreClock
                0x0000000020000004        0x4 Core\Src\system_stm32f3xx.o
                0x0000000020000004                SystemCoreClock
 .data.uwTickPrio
                0x0000000020000008        0x4 Drivers\STM32F3xx_HAL_Driver\Src\stm32f3xx_hal.o
                0x0000000020000008                uwTickPrio
 .data.uwTickFreq
                0x000000002000000c        0x1 Drivers\STM32F3xx_HAL_Driver\Src\stm32f3xx_hal.o
                0x000000002000000c                uwTickFreq
 *(.RamFunc)
 *(.RamFunc*)
                0x0000000020000010                . = ALIGN (0x4)
 *fill*         0x000000002000000d        0x3 
                0x0000000020000010                _edata = .
                0x0000000008006c88                _siccmram = LOADADDR (.ccmram)

.igot.plt       0x0000000020000010        0x0 load address 0x0000000008006c88
 .igot.plt      0x0000000020000010        0x0 c:/st/stm32cubeide_1.10.1/stm32cubeide/plugins/com.st.stm32cube.ide.mcu.externaltools.gnu-tools-for-stm32.10.3-2021.10.win32_1.0.100.202210260954/tools/bin/../lib/gcc/arm-none-eabi/10.3.1/thumb/v7e-m+fp/hard/crtbegin.o

.ccmram         0x0000000010000000        0x0 load address 0x0000000008006c88
                0x0000000010000000                . = ALIGN (0x4)
                0x0000000010000000                _sccmram = .
 *(.ccmram)
 *(.ccmram*)
                0x0000000010000000                . = ALIGN (0x4)
                0x0000000010000000                _eccmram = .
                0x0000000010000000                . = ALIGN (0x4)

.bss            0x0000000020000010      0x318
                0x0000000020000010                _sbss = .
                0x0000000020000010                __bss_start__ = _sbss
 *(.bss)
 .bss           0x0000000020000010       0x1c c:/st/stm32cubeide_1.10.1/stm32cubeide/plugins/com.st.stm32cube.ide.mcu.externaltools.gnu-tools-for-stm32.10.3-2021.10.win32_1.0.100.202210260954/tools/bin/../lib/gcc/arm-none-eabi/10.3.1/thumb/v7e-m+fp/hard/crtbegin.o
 *(.bss*)
 .bss.hadc1     0x000000002000002c       0x50 Core\Src\main.o
                0x000000002000002c                hadc1
 .bss.hadc2     0x000000002000007c       0x50 Core\Src\main.o
                0x000000002000007c                hadc2
 .bss.hdma_adc1
                0x00000000200000cc       0x44 Core\Src\main.o
                0x00000000200000cc                hdma_adc1
 .bss.hdma_adc2
                0x0000000020000110       0x44 Core\Src\main.o
                0x0000000020000110                hdma_adc2
 .bss.hspi1     0x0000000020000154       0x64 Core\Src\main.o
                0x0000000020000154                hspi1
 .bss.htim1     0x00000000200001b8       0x4c Core\Src\main.o
                0x00000000200001b8                htim1
 .bss.huart1    0x0000000020000204       0x84 Core\Src\main.o
                0x0000000020000204                huart1
 .bss.huart2    0x0000000020000288       0x84 Core\Src\main.o
                0x0000000020000288                huart2
 .bss.A         0x000000002000030c        0x4 Core\Src\main.o
                0x000000002000030c                A
 .bss.B         0x0000000020000310        0x4 Core\Src\main.o
                0x0000000020000310                B
 .bss.C         0x0000000020000314        0x4 Core\Src\main.o
                0x0000000020000314                C
 .bss.m_angle   0x0000000020000318        0x8 Core\Src\main.o
                0x0000000020000318                m_angle
 .bss.HAL_RCC_ADC12_CLK_ENABLED
                0x0000000020000320        0x4 Core\Src\stm32f3xx_hal_msp.o
 .bss.uwTick    0x0000000020000324        0x4 Drivers\STM32F3xx_HAL_Driver\Src\stm32f3xx_hal.o
                0x0000000020000324                uwTick
 *(COMMON)
                0x0000000020000328                . = ALIGN (0x4)
                0x0000000020000328                _ebss = .
                0x0000000020000328                __bss_end__ = _ebss

._user_heap_stack
                0x0000000020000328      0x600
                0x0000000020000328                . = ALIGN (0x8)
                [!provide]                        PROVIDE (end = .)
                0x0000000020000328                PROVIDE (_end = .)
                0x0000000020000528                . = (. + _Min_Heap_Size)
 *fill*         0x0000000020000328      0x200 
                0x0000000020000928                . = (. + _Min_Stack_Size)
 *fill*         0x0000000020000528      0x400 
                0x0000000020000928                . = ALIGN (0x8)

/DISCARD/
 libc.a(*)
 libm.a(*)
 libgcc.a(*)

.ARM.attributes
                0x0000000000000000       0x30
 *(.ARM.attributes)
 .ARM.attributes
                0x0000000000000000       0x1e c:/st/stm32cubeide_1.10.1/stm32cubeide/plugins/com.st.stm32cube.ide.mcu.externaltools.gnu-tools-for-stm32.10.3-2021.10.win32_1.0.100.202210260954/tools/bin/../lib/gcc/arm-none-eabi/10.3.1/thumb/v7e-m+fp/hard/crti.o
 .ARM.attributes
                0x000000000000001e       0x34 c:/st/stm32cubeide_1.10.1/stm32cubeide/plugins/com.st.stm32cube.ide.mcu.externaltools.gnu-tools-for-stm32.10.3-2021.10.win32_1.0.100.202210260954/tools/bin/../lib/gcc/arm-none-eabi/10.3.1/thumb/v7e-m+fp/hard/crtbegin.o
 .ARM.attributes
                0x0000000000000052       0x34 Core\Src\main.o
 .ARM.attributes
                0x0000000000000086       0x34 Core\Src\stm32f3xx_hal_msp.o
 .ARM.attributes
                0x00000000000000ba       0x34 Core\Src\stm32f3xx_it.o
 .ARM.attributes
                0x00000000000000ee       0x34 Core\Src\system_stm32f3xx.o
 .ARM.attributes
                0x0000000000000122       0x21 Core\Startup\startup_stm32f334r8tx.o
 .ARM.attributes
                0x0000000000000143       0x34 Drivers\STM32F3xx_HAL_Driver\Src\stm32f3xx_hal.o
 .ARM.attributes
                0x0000000000000177       0x34 Drivers\STM32F3xx_HAL_Driver\Src\stm32f3xx_hal_adc.o
 .ARM.attributes
                0x00000000000001ab       0x34 Drivers\STM32F3xx_HAL_Driver\Src\stm32f3xx_hal_adc_ex.o
 .ARM.attributes
                0x00000000000001df       0x34 Drivers\STM32F3xx_HAL_Driver\Src\stm32f3xx_hal_cortex.o
 .ARM.attributes
                0x0000000000000213       0x34 Drivers\STM32F3xx_HAL_Driver\Src\stm32f3xx_hal_dma.o
 .ARM.attributes
                0x0000000000000247       0x34 Drivers\STM32F3xx_HAL_Driver\Src\stm32f3xx_hal_gpio.o
 .ARM.attributes
                0x000000000000027b       0x34 Drivers\STM32F3xx_HAL_Driver\Src\stm32f3xx_hal_rcc.o
 .ARM.attributes
                0x00000000000002af       0x34 Drivers\STM32F3xx_HAL_Driver\Src\stm32f3xx_hal_rcc_ex.o
 .ARM.attributes
                0x00000000000002e3       0x34 Drivers\STM32F3xx_HAL_Driver\Src\stm32f3xx_hal_spi.o
 .ARM.attributes
                0x0000000000000317       0x34 Drivers\STM32F3xx_HAL_Driver\Src\stm32f3xx_hal_tim.o
 .ARM.attributes
                0x000000000000034b       0x34 Drivers\STM32F3xx_HAL_Driver\Src\stm32f3xx_hal_tim_ex.o
 .ARM.attributes
                0x000000000000037f       0x34 Drivers\STM32F3xx_HAL_Driver\Src\stm32f3xx_hal_uart.o
 .ARM.attributes
                0x00000000000003b3       0x34 c:/st/stm32cubeide_1.10.1/stm32cubeide/plugins/com.st.stm32cube.ide.mcu.externaltools.gnu-tools-for-stm32.10.3-2021.10.win32_1.0.100.202210260954/tools/bin/../lib/gcc/arm-none-eabi/10.3.1/../../../../arm-none-eabi/lib/thumb/v7e-m+fp/hard\libc_nano.a(lib_a-init.o)
 .ARM.attributes
                0x00000000000003e7       0x34 c:/st/stm32cubeide_1.10.1/stm32cubeide/plugins/com.st.stm32cube.ide.mcu.externaltools.gnu-tools-for-stm32.10.3-2021.10.win32_1.0.100.202210260954/tools/bin/../lib/gcc/arm-none-eabi/10.3.1/../../../../arm-none-eabi/lib/thumb/v7e-m+fp/hard\libc_nano.a(lib_a-memset.o)
 .ARM.attributes
                0x000000000000041b       0x1e c:/st/stm32cubeide_1.10.1/stm32cubeide/plugins/com.st.stm32cube.ide.mcu.externaltools.gnu-tools-for-stm32.10.3-2021.10.win32_1.0.100.202210260954/tools/bin/../lib/gcc/arm-none-eabi/10.3.1/thumb/v7e-m+fp/hard\libgcc.a(_arm_addsubdf3.o)
 .ARM.attributes
                0x0000000000000439       0x1e c:/st/stm32cubeide_1.10.1/stm32cubeide/plugins/com.st.stm32cube.ide.mcu.externaltools.gnu-tools-for-stm32.10.3-2021.10.win32_1.0.100.202210260954/tools/bin/../lib/gcc/arm-none-eabi/10.3.1/thumb/v7e-m+fp/hard\libgcc.a(_arm_muldivdf3.o)
 .ARM.attributes
                0x0000000000000457       0x1e c:/st/stm32cubeide_1.10.1/stm32cubeide/plugins/com.st.stm32cube.ide.mcu.externaltools.gnu-tools-for-stm32.10.3-2021.10.win32_1.0.100.202210260954/tools/bin/../lib/gcc/arm-none-eabi/10.3.1/thumb/v7e-m+fp/hard\libgcc.a(_arm_truncdfsf2.o)
 .ARM.attributes
                0x0000000000000475       0x1e c:/st/stm32cubeide_1.10.1/stm32cubeide/plugins/com.st.stm32cube.ide.mcu.externaltools.gnu-tools-for-stm32.10.3-2021.10.win32_1.0.100.202210260954/tools/bin/../lib/gcc/arm-none-eabi/10.3.1/thumb/v7e-m+fp/hard/crtn.o
OUTPUT(proj1.elf elf32-littlearm)
LOAD linker stubs
LOAD c:/st/stm32cubeide_1.10.1/stm32cubeide/plugins/com.st.stm32cube.ide.mcu.externaltools.gnu-tools-for-stm32.10.3-2021.10.win32_1.0.100.202210260954/tools/bin/../lib/gcc/arm-none-eabi/10.3.1/../../../../arm-none-eabi/lib/thumb/v7e-m+fp/hard\libc.a
LOAD c:/st/stm32cubeide_1.10.1/stm32cubeide/plugins/com.st.stm32cube.ide.mcu.externaltools.gnu-tools-for-stm32.10.3-2021.10.win32_1.0.100.202210260954/tools/bin/../lib/gcc/arm-none-eabi/10.3.1/../../../../arm-none-eabi/lib/thumb/v7e-m+fp/hard\libm.a
LOAD c:/st/stm32cubeide_1.10.1/stm32cubeide/plugins/com.st.stm32cube.ide.mcu.externaltools.gnu-tools-for-stm32.10.3-2021.10.win32_1.0.100.202210260954/tools/bin/../lib/gcc/arm-none-eabi/10.3.1/thumb/v7e-m+fp/hard\libgcc.a

.debug_info     0x0000000000000000    0x1397e
 .debug_info    0x0000000000000000     0x21ad Core\Src\main.o
 .debug_info    0x00000000000021ad     0x17d1 Core\Src\stm32f3xx_hal_msp.o
 .debug_info    0x000000000000397e      0x784 Core\Src\stm32f3xx_it.o
 .debug_info    0x0000000000004102      0x416 Core\Src\system_stm32f3xx.o
 .debug_info    0x0000000000004518       0x22 Core\Startup\startup_stm32f334r8tx.o
 .debug_info    0x000000000000453a      0x7a7 Drivers\STM32F3xx_HAL_Driver\Src\stm32f3xx_hal.o
 .debug_info    0x0000000000004ce1      0xb9e Drivers\STM32F3xx_HAL_Driver\Src\stm32f3xx_hal_adc.o
 .debug_info    0x000000000000587f     0x16b2 Drivers\STM32F3xx_HAL_Driver\Src\stm32f3xx_hal_adc_ex.o
 .debug_info    0x0000000000006f31      0xb4a Drivers\STM32F3xx_HAL_Driver\Src\stm32f3xx_hal_cortex.o
 .debug_info    0x0000000000007a7b      0x757 Drivers\STM32F3xx_HAL_Driver\Src\stm32f3xx_hal_dma.o
 .debug_info    0x00000000000081d2      0x74e Drivers\STM32F3xx_HAL_Driver\Src\stm32f3xx_hal_gpio.o
 .debug_info    0x0000000000008920     0x1586 Drivers\STM32F3xx_HAL_Driver\Src\stm32f3xx_hal_rcc.o
 .debug_info    0x0000000000009ea6      0x579 Drivers\STM32F3xx_HAL_Driver\Src\stm32f3xx_hal_rcc_ex.o
 .debug_info    0x000000000000a41f     0x1770 Drivers\STM32F3xx_HAL_Driver\Src\stm32f3xx_hal_spi.o
 .debug_info    0x000000000000bb8f     0x2ca3 Drivers\STM32F3xx_HAL_Driver\Src\stm32f3xx_hal_tim.o
 .debug_info    0x000000000000e832     0x1679 Drivers\STM32F3xx_HAL_Driver\Src\stm32f3xx_hal_tim_ex.o
 .debug_info    0x000000000000feab     0x3ad3 Drivers\STM32F3xx_HAL_Driver\Src\stm32f3xx_hal_uart.o

.debug_abbrev   0x0000000000000000     0x23b6
 .debug_abbrev  0x0000000000000000      0x333 Core\Src\main.o
 .debug_abbrev  0x0000000000000333      0x22b Core\Src\stm32f3xx_hal_msp.o
 .debug_abbrev  0x000000000000055e      0x184 Core\Src\stm32f3xx_it.o
 .debug_abbrev  0x00000000000006e2      0x116 Core\Src\system_stm32f3xx.o
 .debug_abbrev  0x00000000000007f8       0x12 Core\Startup\startup_stm32f334r8tx.o
 .debug_abbrev  0x000000000000080a      0x20e Drivers\STM32F3xx_HAL_Driver\Src\stm32f3xx_hal.o
 .debug_abbrev  0x0000000000000a18      0x17a Drivers\STM32F3xx_HAL_Driver\Src\stm32f3xx_hal_adc.o
 .debug_abbrev  0x0000000000000b92      0x27a Drivers\STM32F3xx_HAL_Driver\Src\stm32f3xx_hal_adc_ex.o
 .debug_abbrev  0x0000000000000e0c      0x2ed Drivers\STM32F3xx_HAL_Driver\Src\stm32f3xx_hal_cortex.o
 .debug_abbrev  0x00000000000010f9      0x1fe Drivers\STM32F3xx_HAL_Driver\Src\stm32f3xx_hal_dma.o
 .debug_abbrev  0x00000000000012f7      0x1bb Drivers\STM32F3xx_HAL_Driver\Src\stm32f3xx_hal_gpio.o
 .debug_abbrev  0x00000000000014b2      0x30c Drivers\STM32F3xx_HAL_Driver\Src\stm32f3xx_hal_rcc.o
 .debug_abbrev  0x00000000000017be      0x226 Drivers\STM32F3xx_HAL_Driver\Src\stm32f3xx_hal_rcc_ex.o
 .debug_abbrev  0x00000000000019e4      0x254 Drivers\STM32F3xx_HAL_Driver\Src\stm32f3xx_hal_spi.o
 .debug_abbrev  0x0000000000001c38      0x25d Drivers\STM32F3xx_HAL_Driver\Src\stm32f3xx_hal_tim.o
 .debug_abbrev  0x0000000000001e95      0x265 Drivers\STM32F3xx_HAL_Driver\Src\stm32f3xx_hal_tim_ex.o
 .debug_abbrev  0x00000000000020fa      0x2bc Drivers\STM32F3xx_HAL_Driver\Src\stm32f3xx_hal_uart.o

.debug_aranges  0x0000000000000000     0x10e8
 .debug_aranges
                0x0000000000000000       0xb0 Core\Src\main.o
 .debug_aranges
                0x00000000000000b0       0x68 Core\Src\stm32f3xx_hal_msp.o
 .debug_aranges
                0x0000000000000118       0x78 Core\Src\stm32f3xx_it.o
 .debug_aranges
                0x0000000000000190       0x28 Core\Src\system_stm32f3xx.o
 .debug_aranges
                0x00000000000001b8       0x28 Core\Startup\startup_stm32f334r8tx.o
 .debug_aranges
                0x00000000000001e0       0xe0 Drivers\STM32F3xx_HAL_Driver\Src\stm32f3xx_hal.o
 .debug_aranges
                0x00000000000002c0       0xc8 Drivers\STM32F3xx_HAL_Driver\Src\stm32f3xx_hal_adc.o
 .debug_aranges
                0x0000000000000388      0x168 Drivers\STM32F3xx_HAL_Driver\Src\stm32f3xx_hal_adc_ex.o
 .debug_aranges
                0x00000000000004f0      0x100 Drivers\STM32F3xx_HAL_Driver\Src\stm32f3xx_hal_cortex.o
 .debug_aranges
                0x00000000000005f0       0x88 Drivers\STM32F3xx_HAL_Driver\Src\stm32f3xx_hal_dma.o
 .debug_aranges
                0x0000000000000678       0x58 Drivers\STM32F3xx_HAL_Driver\Src\stm32f3xx_hal_gpio.o
 .debug_aranges
                0x00000000000006d0       0x88 Drivers\STM32F3xx_HAL_Driver\Src\stm32f3xx_hal_rcc.o
 .debug_aranges
                0x0000000000000758       0x38 Drivers\STM32F3xx_HAL_Driver\Src\stm32f3xx_hal_rcc_ex.o
 .debug_aranges
                0x0000000000000790      0x1d8 Drivers\STM32F3xx_HAL_Driver\Src\stm32f3xx_hal_spi.o
 .debug_aranges
                0x0000000000000968      0x3e0 Drivers\STM32F3xx_HAL_Driver\Src\stm32f3xx_hal_tim.o
 .debug_aranges
                0x0000000000000d48      0x178 Drivers\STM32F3xx_HAL_Driver\Src\stm32f3xx_hal_tim_ex.o
 .debug_aranges
                0x0000000000000ec0      0x228 Drivers\STM32F3xx_HAL_Driver\Src\stm32f3xx_hal_uart.o

.debug_ranges   0x0000000000000000     0x1010
 .debug_ranges  0x0000000000000000       0xa0 Core\Src\main.o
 .debug_ranges  0x00000000000000a0       0x58 Core\Src\stm32f3xx_hal_msp.o
 .debug_ranges  0x00000000000000f8       0x68 Core\Src\stm32f3xx_it.o
 .debug_ranges  0x0000000000000160       0x18 Core\Src\system_stm32f3xx.o
 .debug_ranges  0x0000000000000178       0x20 Core\Startup\startup_stm32f334r8tx.o
 .debug_ranges  0x0000000000000198       0xd0 Drivers\STM32F3xx_HAL_Driver\Src\stm32f3xx_hal.o
 .debug_ranges  0x0000000000000268       0xb8 Drivers\STM32F3xx_HAL_Driver\Src\stm32f3xx_hal_adc.o
 .debug_ranges  0x0000000000000320      0x158 Drivers\STM32F3xx_HAL_Driver\Src\stm32f3xx_hal_adc_ex.o
 .debug_ranges  0x0000000000000478       0xf0 Drivers\STM32F3xx_HAL_Driver\Src\stm32f3xx_hal_cortex.o
 .debug_ranges  0x0000000000000568       0x78 Drivers\STM32F3xx_HAL_Driver\Src\stm32f3xx_hal_dma.o
 .debug_ranges  0x00000000000005e0       0x48 Drivers\STM32F3xx_HAL_Driver\Src\stm32f3xx_hal_gpio.o
 .debug_ranges  0x0000000000000628       0x78 Drivers\STM32F3xx_HAL_Driver\Src\stm32f3xx_hal_rcc.o
 .debug_ranges  0x00000000000006a0       0x28 Drivers\STM32F3xx_HAL_Driver\Src\stm32f3xx_hal_rcc_ex.o
 .debug_ranges  0x00000000000006c8      0x1c8 Drivers\STM32F3xx_HAL_Driver\Src\stm32f3xx_hal_spi.o
 .debug_ranges  0x0000000000000890      0x3d0 Drivers\STM32F3xx_HAL_Driver\Src\stm32f3xx_hal_tim.o
 .debug_ranges  0x0000000000000c60      0x168 Drivers\STM32F3xx_HAL_Driver\Src\stm32f3xx_hal_tim_ex.o
 .debug_ranges  0x0000000000000dc8      0x248 Drivers\STM32F3xx_HAL_Driver\Src\stm32f3xx_hal_uart.o

.debug_macro    0x0000000000000000    0x2226d
 .debug_macro   0x0000000000000000      0x381 Core\Src\main.o
 .debug_macro   0x0000000000000381      0xa78 Core\Src\main.o
 .debug_macro   0x0000000000000df9      0x163 Core\Src\main.o
 .debug_macro   0x0000000000000f5c       0x2e Core\Src\main.o
 .debug_macro   0x0000000000000f8a       0x28 Core\Src\main.o
 .debug_macro   0x0000000000000fb2       0x22 Core\Src\main.o
 .debug_macro   0x0000000000000fd4       0x8e Core\Src\main.o
 .debug_macro   0x0000000000001062       0x51 Core\Src\main.o
 .debug_macro   0x00000000000010b3      0x103 Core\Src\main.o
 .debug_macro   0x00000000000011b6       0x6a Core\Src\main.o
 .debug_macro   0x0000000000001220      0x1df Core\Src\main.o
 .debug_macro   0x00000000000013ff       0x1c Core\Src\main.o
 .debug_macro   0x000000000000141b       0x22 Core\Src\main.o
 .debug_macro   0x000000000000143d       0xd9 Core\Src\main.o
 .debug_macro   0x0000000000001516      0xf07 Core\Src\main.o
 .debug_macro   0x000000000000241d    0x1585b Core\Src\main.o
 .debug_macro   0x0000000000017c78       0x6d Core\Src\main.o
 .debug_macro   0x0000000000017ce5     0x3540 Core\Src\main.o
 .debug_macro   0x000000000001b225      0x174 Core\Src\main.o
 .debug_macro   0x000000000001b399       0x55 Core\Src\main.o
 .debug_macro   0x000000000001b3ee      0x8f9 Core\Src\main.o
 .debug_macro   0x000000000001bce7      0x358 Core\Src\main.o
 .debug_macro   0x000000000001c03f      0x1b6 Core\Src\main.o
 .debug_macro   0x000000000001c1f5      0x130 Core\Src\main.o
 .debug_macro   0x000000000001c325      0x1d5 Core\Src\main.o
 .debug_macro   0x000000000001c4fa      0x1bc Core\Src\main.o
 .debug_macro   0x000000000001c6b6       0x34 Core\Src\main.o
 .debug_macro   0x000000000001c6ea       0x3c Core\Src\main.o
 .debug_macro   0x000000000001c726       0x57 Core\Src\main.o
 .debug_macro   0x000000000001c77d      0x845 Core\Src\main.o
 .debug_macro   0x000000000001cfc2       0x77 Core\Src\main.o
 .debug_macro   0x000000000001d039       0xc5 Core\Src\main.o
 .debug_macro   0x000000000001d0fe      0x19f Core\Src\main.o
 .debug_macro   0x000000000001d29d      0x22c Core\Src\main.o
 .debug_macro   0x000000000001d4c9       0x5b Core\Src\main.o
 .debug_macro   0x000000000001d524       0xa5 Core\Src\main.o
 .debug_macro   0x000000000001d5c9       0x81 Core\Src\main.o
 .debug_macro   0x000000000001d64a       0xd3 Core\Src\main.o
 .debug_macro   0x000000000001d71d      0x2fe Core\Src\main.o
 .debug_macro   0x000000000001da1b      0xa3d Core\Src\main.o
 .debug_macro   0x000000000001e458       0x59 Core\Src\main.o
 .debug_macro   0x000000000001e4b1      0x5a5 Core\Src\main.o
 .debug_macro   0x000000000001ea56       0x44 Core\Src\main.o
 .debug_macro   0x000000000001ea9a      0x2a1 Core\Src\main.o
 .debug_macro   0x000000000001ed3b       0x58 Core\Src\main.o
 .debug_macro   0x000000000001ed93       0x52 Core\Src\main.o
 .debug_macro   0x000000000001ede5       0x1e Core\Src\main.o
 .debug_macro   0x000000000001ee03       0x3c Core\Src\main.o
 .debug_macro   0x000000000001ee3f       0x34 Core\Src\main.o
 .debug_macro   0x000000000001ee73       0x16 Core\Src\main.o
 .debug_macro   0x000000000001ee89       0x35 Core\Src\main.o
 .debug_macro   0x000000000001eebe      0x341 Core\Src\main.o
 .debug_macro   0x000000000001f1ff       0x10 Core\Src\main.o
 .debug_macro   0x000000000001f20f       0x16 Core\Src\main.o
 .debug_macro   0x000000000001f225       0x43 Core\Src\main.o
 .debug_macro   0x000000000001f268       0x34 Core\Src\main.o
 .debug_macro   0x000000000001f29c       0x10 Core\Src\main.o
 .debug_macro   0x000000000001f2ac       0x58 Core\Src\main.o
 .debug_macro   0x000000000001f304       0x71 Core\Src\main.o
 .debug_macro   0x000000000001f375       0x1c Core\Src\main.o
 .debug_macro   0x000000000001f391      0x12a Core\Src\main.o
 .debug_macro   0x000000000001f4bb       0x10 Core\Src\main.o
 .debug_macro   0x000000000001f4cb       0x1c Core\Src\main.o
 .debug_macro   0x000000000001f4e7       0x52 Core\Src\main.o
 .debug_macro   0x000000000001f539       0x22 Core\Src\main.o
 .debug_macro   0x000000000001f55b       0x10 Core\Src\main.o
 .debug_macro   0x000000000001f56b       0x52 Core\Src\main.o
 .debug_macro   0x000000000001f5bd       0xd5 Core\Src\main.o
 .debug_macro   0x000000000001f692       0x1c Core\Src\main.o
 .debug_macro   0x000000000001f6ae       0x3d Core\Src\main.o
 .debug_macro   0x000000000001f6eb       0x16 Core\Src\main.o
 .debug_macro   0x000000000001f701      0x145 Core\Src\main.o
 .debug_macro   0x000000000001f846      0x19b Core\Src\main.o
 .debug_macro   0x000000000001f9e1      0x203 Core\Src\stm32f3xx_hal_msp.o
 .debug_macro   0x000000000001fbe4      0xa78 Core\Src\stm32f3xx_hal_msp.o
 .debug_macro   0x000000000002065c      0x20d Core\Src\stm32f3xx_it.o
 .debug_macro   0x0000000000020869      0x1f4 Core\Src\system_stm32f3xx.o
 .debug_macro   0x0000000000020a5d      0x218 Drivers\STM32F3xx_HAL_Driver\Src\stm32f3xx_hal.o
 .debug_macro   0x0000000000020c75      0x1f5 Drivers\STM32F3xx_HAL_Driver\Src\stm32f3xx_hal_adc.o
 .debug_macro   0x0000000000020e6a      0x21e Drivers\STM32F3xx_HAL_Driver\Src\stm32f3xx_hal_adc_ex.o
 .debug_macro   0x0000000000021088      0x1f4 Drivers\STM32F3xx_HAL_Driver\Src\stm32f3xx_hal_cortex.o
 .debug_macro   0x000000000002127c      0x1f4 Drivers\STM32F3xx_HAL_Driver\Src\stm32f3xx_hal_dma.o
 .debug_macro   0x0000000000021470      0x1fb Drivers\STM32F3xx_HAL_Driver\Src\stm32f3xx_hal_gpio.o
 .debug_macro   0x000000000002166b      0x218 Drivers\STM32F3xx_HAL_Driver\Src\stm32f3xx_hal_rcc.o
 .debug_macro   0x0000000000021883      0x1f4 Drivers\STM32F3xx_HAL_Driver\Src\stm32f3xx_hal_rcc_ex.o
 .debug_macro   0x0000000000021a77      0x1fc Drivers\STM32F3xx_HAL_Driver\Src\stm32f3xx_hal_spi.o
 .debug_macro   0x0000000000021c73      0x1f5 Drivers\STM32F3xx_HAL_Driver\Src\stm32f3xx_hal_tim.o
 .debug_macro   0x0000000000021e68      0x1f4 Drivers\STM32F3xx_HAL_Driver\Src\stm32f3xx_hal_tim_ex.o
 .debug_macro   0x000000000002205c      0x211 Drivers\STM32F3xx_HAL_Driver\Src\stm32f3xx_hal_uart.o

.debug_line     0x0000000000000000    0x146fc
 .debug_line    0x0000000000000000      0xf91 Core\Src\main.o
 .debug_line    0x0000000000000f91      0x96b Core\Src\stm32f3xx_hal_msp.o
 .debug_line    0x00000000000018fc      0x84c Core\Src\stm32f3xx_it.o
 .debug_line    0x0000000000002148      0x7b8 Core\Src\system_stm32f3xx.o
 .debug_line    0x0000000000002900       0x88 Core\Startup\startup_stm32f334r8tx.o
 .debug_line    0x0000000000002988      0x9ed Drivers\STM32F3xx_HAL_Driver\Src\stm32f3xx_hal.o
 .debug_line    0x0000000000003375      0x931 Drivers\STM32F3xx_HAL_Driver\Src\stm32f3xx_hal_adc.o
 .debug_line    0x0000000000003ca6     0x20e0 Drivers\STM32F3xx_HAL_Driver\Src\stm32f3xx_hal_adc_ex.o
 .debug_line    0x0000000000005d86      0xbd5 Drivers\STM32F3xx_HAL_Driver\Src\stm32f3xx_hal_cortex.o
 .debug_line    0x000000000000695b      0xcdb Drivers\STM32F3xx_HAL_Driver\Src\stm32f3xx_hal_dma.o
 .debug_line    0x0000000000007636      0xb3a Drivers\STM32F3xx_HAL_Driver\Src\stm32f3xx_hal_gpio.o
 .debug_line    0x0000000000008170     0x13ca Drivers\STM32F3xx_HAL_Driver\Src\stm32f3xx_hal_rcc.o
 .debug_line    0x000000000000953a      0xad9 Drivers\STM32F3xx_HAL_Driver\Src\stm32f3xx_hal_rcc_ex.o
 .debug_line    0x000000000000a013     0x1f67 Drivers\STM32F3xx_HAL_Driver\Src\stm32f3xx_hal_spi.o
 .debug_line    0x000000000000bf7a     0x3c21 Drivers\STM32F3xx_HAL_Driver\Src\stm32f3xx_hal_tim.o
 .debug_line    0x000000000000fb9b     0x1a60 Drivers\STM32F3xx_HAL_Driver\Src\stm32f3xx_hal_tim_ex.o
 .debug_line    0x00000000000115fb     0x3101 Drivers\STM32F3xx_HAL_Driver\Src\stm32f3xx_hal_uart.o

.debug_str      0x0000000000000000    0xcd09d
 .debug_str     0x0000000000000000    0xc97d7 Core\Src\main.o
                                      0xc9cdf (size before relaxing)
 .debug_str     0x00000000000c97d7      0x1ff Core\Src\stm32f3xx_hal_msp.o
                                      0xc50f1 (size before relaxing)
 .debug_str     0x00000000000c99d6      0x121 Core\Src\stm32f3xx_it.o
                                      0xc4632 (size before relaxing)
 .debug_str     0x00000000000c9af7       0xdf Core\Src\system_stm32f3xx.o
                                      0xc3fe6 (size before relaxing)
 .debug_str     0x00000000000c9bd6       0x36 Core\Startup\startup_stm32f334r8tx.o
                                         0x59 (size before relaxing)
 .debug_str     0x00000000000c9c0c      0x397 Drivers\STM32F3xx_HAL_Driver\Src\stm32f3xx_hal.o
                                      0xc474e (size before relaxing)
 .debug_str     0x00000000000c9fa3      0x1f5 Drivers\STM32F3xx_HAL_Driver\Src\stm32f3xx_hal_adc.o
                                      0xc45d3 (size before relaxing)
 .debug_str     0x00000000000ca198      0x6b8 Drivers\STM32F3xx_HAL_Driver\Src\stm32f3xx_hal_adc_ex.o
                                      0xc4cdc (size before relaxing)
 .debug_str     0x00000000000ca850      0x218 Drivers\STM32F3xx_HAL_Driver\Src\stm32f3xx_hal_cortex.o
                                      0xc4673 (size before relaxing)
 .debug_str     0x00000000000caa68      0x1fa Drivers\STM32F3xx_HAL_Driver\Src\stm32f3xx_hal_dma.o
                                      0xc432e (size before relaxing)
 .debug_str     0x00000000000cac62      0x157 Drivers\STM32F3xx_HAL_Driver\Src\stm32f3xx_hal_gpio.o
                                      0xc41c5 (size before relaxing)
 .debug_str     0x00000000000cadb9      0x2d1 Drivers\STM32F3xx_HAL_Driver\Src\stm32f3xx_hal_rcc.o
                                      0xc4486 (size before relaxing)
 .debug_str     0x00000000000cb08a       0xbe Drivers\STM32F3xx_HAL_Driver\Src\stm32f3xx_hal_rcc_ex.o
                                      0xc419a (size before relaxing)
 .debug_str     0x00000000000cb148      0x55b Drivers\STM32F3xx_HAL_Driver\Src\stm32f3xx_hal_spi.o
                                      0xc48fe (size before relaxing)
 .debug_str     0x00000000000cb6a3      0xdac Drivers\STM32F3xx_HAL_Driver\Src\stm32f3xx_hal_tim.o
                                      0xc540d (size before relaxing)
 .debug_str     0x00000000000cc44f      0x402 Drivers\STM32F3xx_HAL_Driver\Src\stm32f3xx_hal_tim_ex.o
                                      0xc4c63 (size before relaxing)
 .debug_str     0x00000000000cc851      0x84c Drivers\STM32F3xx_HAL_Driver\Src\stm32f3xx_hal_uart.o
                                      0xc4ce1 (size before relaxing)

.comment        0x0000000000000000       0x50
 .comment       0x0000000000000000       0x50 Core\Src\main.o
                                         0x51 (size before relaxing)
 .comment       0x0000000000000050       0x51 Core\Src\stm32f3xx_hal_msp.o
 .comment       0x0000000000000050       0x51 Core\Src\stm32f3xx_it.o
 .comment       0x0000000000000050       0x51 Core\Src\system_stm32f3xx.o
 .comment       0x0000000000000050       0x51 Drivers\STM32F3xx_HAL_Driver\Src\stm32f3xx_hal.o
 .comment       0x0000000000000050       0x51 Drivers\STM32F3xx_HAL_Driver\Src\stm32f3xx_hal_adc.o
 .comment       0x0000000000000050       0x51 Drivers\STM32F3xx_HAL_Driver\Src\stm32f3xx_hal_adc_ex.o
 .comment       0x0000000000000050       0x51 Drivers\STM32F3xx_HAL_Driver\Src\stm32f3xx_hal_cortex.o
 .comment       0x0000000000000050       0x51 Drivers\STM32F3xx_HAL_Driver\Src\stm32f3xx_hal_dma.o
 .comment       0x0000000000000050       0x51 Drivers\STM32F3xx_HAL_Driver\Src\stm32f3xx_hal_gpio.o
 .comment       0x0000000000000050       0x51 Drivers\STM32F3xx_HAL_Driver\Src\stm32f3xx_hal_rcc.o
 .comment       0x0000000000000050       0x51 Drivers\STM32F3xx_HAL_Driver\Src\stm32f3xx_hal_rcc_ex.o
 .comment       0x0000000000000050       0x51 Drivers\STM32F3xx_HAL_Driver\Src\stm32f3xx_hal_spi.o
 .comment       0x0000000000000050       0x51 Drivers\STM32F3xx_HAL_Driver\Src\stm32f3xx_hal_tim.o
 .comment       0x0000000000000050       0x51 Drivers\STM32F3xx_HAL_Driver\Src\stm32f3xx_hal_tim_ex.o
 .comment       0x0000000000000050       0x51 Drivers\STM32F3xx_HAL_Driver\Src\stm32f3xx_hal_uart.o

.debug_frame    0x0000000000000000     0x4990
 .debug_frame   0x0000000000000000      0x2c0 Core\Src\main.o
 .debug_frame   0x00000000000002c0      0x17c Core\Src\stm32f3xx_hal_msp.o
 .debug_frame   0x000000000000043c      0x158 Core\Src\stm32f3xx_it.o
 .debug_frame   0x0000000000000594       0x58 Core\Src\system_stm32f3xx.o
 .debug_frame   0x00000000000005ec      0x334 Drivers\STM32F3xx_HAL_Driver\Src\stm32f3xx_hal.o
 .debug_frame   0x0000000000000920      0x380 Drivers\STM32F3xx_HAL_Driver\Src\stm32f3xx_hal_adc.o
 .debug_frame   0x0000000000000ca0      0x638 Drivers\STM32F3xx_HAL_Driver\Src\stm32f3xx_hal_adc_ex.o
 .debug_frame   0x00000000000012d8      0x428 Drivers\STM32F3xx_HAL_Driver\Src\stm32f3xx_hal_cortex.o
 .debug_frame   0x0000000000001700      0x224 Drivers\STM32F3xx_HAL_Driver\Src\stm32f3xx_hal_dma.o
 .debug_frame   0x0000000000001924      0x14c Drivers\STM32F3xx_HAL_Driver\Src\stm32f3xx_hal_gpio.o
 .debug_frame   0x0000000000001a70      0x214 Drivers\STM32F3xx_HAL_Driver\Src\stm32f3xx_hal_rcc.o
 .debug_frame   0x0000000000001c84       0xb4 Drivers\STM32F3xx_HAL_Driver\Src\stm32f3xx_hal_rcc_ex.o
 .debug_frame   0x0000000000001d38      0x860 Drivers\STM32F3xx_HAL_Driver\Src\stm32f3xx_hal_spi.o
 .debug_frame   0x0000000000002598     0x121c Drivers\STM32F3xx_HAL_Driver\Src\stm32f3xx_hal_tim.o
 .debug_frame   0x00000000000037b4      0x688 Drivers\STM32F3xx_HAL_Driver\Src\stm32f3xx_hal_tim_ex.o
 .debug_frame   0x0000000000003e3c      0x9e8 Drivers\STM32F3xx_HAL_Driver\Src\stm32f3xx_hal_uart.o
 .debug_frame   0x0000000000004824       0x2c c:/st/stm32cubeide_1.10.1/stm32cubeide/plugins/com.st.stm32cube.ide.mcu.externaltools.gnu-tools-for-stm32.10.3-2021.10.win32_1.0.100.202210260954/tools/bin/../lib/gcc/arm-none-eabi/10.3.1/../../../../arm-none-eabi/lib/thumb/v7e-m+fp/hard\libc_nano.a(lib_a-init.o)
 .debug_frame   0x0000000000004850       0x20 c:/st/stm32cubeide_1.10.1/stm32cubeide/plugins/com.st.stm32cube.ide.mcu.externaltools.gnu-tools-for-stm32.10.3-2021.10.win32_1.0.100.202210260954/tools/bin/../lib/gcc/arm-none-eabi/10.3.1/../../../../arm-none-eabi/lib/thumb/v7e-m+fp/hard\libc_nano.a(lib_a-memset.o)
 .debug_frame   0x0000000000004870       0xac c:/st/stm32cubeide_1.10.1/stm32cubeide/plugins/com.st.stm32cube.ide.mcu.externaltools.gnu-tools-for-stm32.10.3-2021.10.win32_1.0.100.202210260954/tools/bin/../lib/gcc/arm-none-eabi/10.3.1/thumb/v7e-m+fp/hard\libgcc.a(_arm_addsubdf3.o)
 .debug_frame   0x000000000000491c       0x50 c:/st/stm32cubeide_1.10.1/stm32cubeide/plugins/com.st.stm32cube.ide.mcu.externaltools.gnu-tools-for-stm32.10.3-2021.10.win32_1.0.100.202210260954/tools/bin/../lib/gcc/arm-none-eabi/10.3.1/thumb/v7e-m+fp/hard\libgcc.a(_arm_muldivdf3.o)
 .debug_frame   0x000000000000496c       0x24 c:/st/stm32cubeide_1.10.1/stm32cubeide/plugins/com.st.stm32cube.ide.mcu.externaltools.gnu-tools-for-stm32.10.3-2021.10.win32_1.0.100.202210260954/tools/bin/../lib/gcc/arm-none-eabi/10.3.1/thumb/v7e-m+fp/hard\libgcc.a(_arm_truncdfsf2.o)
