..\Core\Src\main.c:111:6:HAL_TIM_PeriodElapsedCallback	16	static
..\Core\Src\main.c:117:6:sense2phase	40	static
..\Core\Src\main.c:123:6:phase2dqs	16	static
..\Core\Src\main.c:128:6:dqs2dqr	40	static
..\Core\Src\main.c:133:6:dqr2dqs	40	static
..\Core\Src\main.c:138:6:read_angle	24	static
..\Core\Src\main.c:159:6:m2e_angle	16	static
..\Core\Src\main.c:175:6:SpaceVector	88	static
..\Core\Src\main.c:251:5:main	64	static
..\Core\Src\main.c:317:6:SystemClock_Config	96	static
..\Core\Src\main.c:367:13:MX_ADC1_Init	48	static
..\Core\Src\main.c:433:13:MX_ADC2_Init	32	static
..\Core\Src\main.c:490:13:MX_SPI1_Init	8	static
..\Core\Src\main.c:530:13:MX_TIM1_Init	96	static
..\Core\Src\main.c:608:13:MX_USART1_UART_Init	8	static
..\Core\Src\main.c:643:13:MX_USART2_UART_Init	8	static
..\Core\Src\main.c:676:13:MX_DMA_Init	16	static
..\Core\Src\main.c:697:13:MX_GPIO_Init	48	static
..\Core\Src\main.c:727:6:Error_Handler	4	static,ignoring_inline_asm
