..\Core\Src\main.c:105:6:HAL_TIM_PeriodElapsedCallback	16	static
..\Core\Src\main.c:111:6:Iabc_calc	24	static
..\Core\Src\main.c:117:6:Idqs_calc	16	static
..\Core\Src\main.c:122:6:Idqr_calc	40	static
..\Core\Src\main.c:127:6:read_angle	24	static
..\Core\Src\main.c:144:6:m2e_angle	16	static
..\Core\Src\main.c:155:6:SpaceVector	88	static
..\Core\Src\main.c:223:5:main	64	static
..\Core\Src\main.c:291:6:SystemClock_Config	96	static
..\Core\Src\main.c:339:13:MX_ADC1_Init	48	static
..\Core\Src\main.c:405:13:MX_ADC2_Init	32	static
..\Core\Src\main.c:462:13:MX_SPI1_Init	8	static
..\Core\Src\main.c:502:13:MX_TIM1_Init	96	static
..\Core\Src\main.c:580:13:MX_USART2_UART_Init	8	static
..\Core\Src\main.c:613:13:MX_DMA_Init	16	static
..\Core\Src\main.c:634:13:MX_GPIO_Init	48	static
..\Core\Src\main.c:664:6:Error_Handler	4	static,ignoring_inline_asm
